Component: ARM Compiler 5.06 update 6 (build 750) Tool: armlink [4d35ed]

==============================================================================

Section Cross References

    startup_msp432p401r_uvision.o(RESET) refers to startup_msp432p401r_uvision.o(STACK) for __initial_sp
    startup_msp432p401r_uvision.o(RESET) refers to startup_msp432p401r_uvision.o(.text) for Reset_Handler
    startup_msp432p401r_uvision.o(RESET) refers to isr.o(i.TA0_0_IRQHandler) for TA0_0_IRQHandler
    startup_msp432p401r_uvision.o(RESET) refers to isr.o(i.EUSCIA0_IRQHandler) for EUSCIA0_IRQHandler
    startup_msp432p401r_uvision.o(RESET) refers to isr.o(i.PORT1_IRQHandler) for PORT1_IRQHandler
    startup_msp432p401r_uvision.o(.text) refers to system_msp432p401r.o(i.SystemInit) for SystemInit
    startup_msp432p401r_uvision.o(.text) refers to entry.o(.ARM.Collect$$$$00000000) for __main
    system_msp432p401r.o(i.SystemCoreClockUpdate) refers to system_msp432p401r.o(.data) for SystemCoreClock
    delay.o(i.delay_init) refers to cs.o(i.CS_getMCLK) for CS_getMCLK
    delay.o(i.delay_init) refers to delay.o(.data) for fac_us
    delay.o(i.delay_ms) refers to delay.o(.data) for fac_ms
    delay.o(i.delay_us) refers to delay.o(.data) for fac_us
    sys.o(i.Clock_get) refers to cs.o(i.CS_getACLK) for CS_getACLK
    sys.o(i.Clock_get) refers to cs.o(i.CS_getMCLK) for CS_getMCLK
    sys.o(i.Clock_get) refers to cs.o(i.CS_getHSMCLK) for CS_getHSMCLK
    sys.o(i.Clock_get) refers to cs.o(i.CS_getSMCLK) for CS_getSMCLK
    sys.o(i.Clock_get) refers to cs.o(i.CS_getBCLK) for CS_getBCLK
    sys.o(i.SysInit) refers to gpio.o(i.GPIO_setAsPeripheralModuleFunctionOutputPin) for GPIO_setAsPeripheralModuleFunctionOutputPin
    sys.o(i.SysInit) refers to cs.o(i.CS_setExternalClockSourceFrequency) for CS_setExternalClockSourceFrequency
    sys.o(i.SysInit) refers to pcm.o(i.PCM_setCoreVoltageLevel) for PCM_setCoreVoltageLevel
    sys.o(i.SysInit) refers to flash.o(i.FlashCtl_setWaitState) for FlashCtl_setWaitState
    sys.o(i.SysInit) refers to cs.o(i.CS_startHFXT) for CS_startHFXT
    sys.o(i.SysInit) refers to cs.o(i.CS_startLFXT) for CS_startLFXT
    sys.o(i.SysInit) refers to cs.o(i.CS_initClockSignal) for CS_initClockSignal
    led.o(i.led_Init) refers to gpio.o(i.GPIO_setAsOutputPin) for GPIO_setAsOutputPin
    led.o(i.led_Init) refers to gpio.o(i.GPIO_setOutputLowOnPin) for GPIO_setOutputLowOnPin
    led.o(i.led_on) refers to gpio.o(i.GPIO_setOutputHighOnPin) for GPIO_setOutputHighOnPin
    led.o(i.led_toggle) refers to gpio.o(i.GPIO_toggleOutputOnPin) for GPIO_toggleOutputOnPin
    exti.o(i.EXTI_Init) refers to gpio.o(i.GPIO_clearInterruptFlag) for GPIO_clearInterruptFlag
    exti.o(i.EXTI_Init) refers to gpio.o(i.GPIO_interruptEdgeSelect) for GPIO_interruptEdgeSelect
    exti.o(i.EXTI_Init) refers to gpio.o(i.GPIO_enableInterrupt) for GPIO_enableInterrupt
    exti.o(i.EXTI_Init) refers to interrupt.o(i.Interrupt_enableInterrupt) for Interrupt_enableInterrupt
    exti.o(i.EXTI_Init) refers to interrupt.o(i.Interrupt_enableMaster) for Interrupt_enableMaster
    isr.o(i.EUSCIA0_IRQHandler) refers to uart.o(i.UART_getEnabledInterruptStatus) for UART_getEnabledInterruptStatus
    isr.o(i.EUSCIA0_IRQHandler) refers to uart.o(i.UART_clearInterruptFlag) for UART_clearInterruptFlag
    isr.o(i.EUSCIA0_IRQHandler) refers to uart.o(i.UART_receiveData) for UART_receiveData
    isr.o(i.EUSCIA0_IRQHandler) refers to uart.o(i.UART_transmitData) for UART_transmitData
    isr.o(i.EUSCIA0_IRQHandler) refers to interrupt.o(i.Interrupt_disableSleepOnIsrExit) for Interrupt_disableSleepOnIsrExit
    isr.o(i.PORT1_IRQHandler) refers to gpio.o(i.GPIO_getEnabledInterruptStatus) for GPIO_getEnabledInterruptStatus
    isr.o(i.PORT1_IRQHandler) refers to gpio.o(i.GPIO_clearInterruptFlag) for GPIO_clearInterruptFlag
    isr.o(i.PORT1_IRQHandler) refers to led.o(i.led_toggle) for led_toggle
    isr.o(i.TA0_0_IRQHandler) refers to timer_a.o(i.Timer_A_clearCaptureCompareInterrupt) for Timer_A_clearCaptureCompareInterrupt
    isr.o(i.TA0_0_IRQHandler) refers to timer_a.o(i.Timer_A_clearTimer) for Timer_A_clearTimer
    isr.o(i.TA0_0_IRQHandler) refers to led.o(i.led_toggle) for led_toggle
    key.o(i.key_Init) refers to gpio.o(i.GPIO_setAsInputPinWithPullUpResistor) for GPIO_setAsInputPinWithPullUpResistor
    key.o(i.key_Init) refers to exti.o(i.EXTI_Init) for EXTI_Init
    soft_interrupt.o(i.INT_Mask) refers to interrupt.o(i.Interrupt_setPriorityMask) for Interrupt_setPriorityMask
    soft_interrupt.o(i.INT_SetPriority) refers to interrupt.o(i.Interrupt_setPriority) for Interrupt_setPriority
    soft_interrupt.o(i.SOFT_Pending) refers to interrupt.o(i.Interrupt_enableInterrupt) for Interrupt_enableInterrupt
    soft_interrupt.o(i.SOFT_Pending) refers to interrupt.o(i.Interrupt_pendInterrupt) for Interrupt_pendInterrupt
[...]
    printf7.o(i._printf_core) refers to printf7.o(i._printf_pre_padding) for _printf_pre_padding
    printf7.o(i._printf_core) refers to uldiv.o(.text) for __aeabi_uldivmod
    printf7.o(i._printf_core) refers to printf7.o(i._printf_post_padding) for _printf_post_padding
    printf8.o(i.__0fprintf$8) refers to printf8.o(i._printf_core) for _printf_core
    printf8.o(i.__0fprintf$8) refers to myuart.o(i.fputc) for fputc
    printf8.o(i.__0printf$8) refers to printf8.o(i._printf_core) for _printf_core
    printf8.o(i.__0printf$8) refers to myuart.o(i.fputc) for fputc
    printf8.o(i.__0printf$8) refers to stdout.o(.data) for __stdout
    printf8.o(i.__0snprintf$8) refers to printf8.o(i._printf_core) for _printf_core
    printf8.o(i.__0snprintf$8) refers to printf8.o(i._snputc) for _snputc
    printf8.o(i.__0sprintf$8) refers to printf8.o(i._printf_core) for _printf_core
    printf8.o(i.__0sprintf$8) refers to printf8.o(i._sputc) for _sputc
    printf8.o(i.__0vfprintf$8) refers to printf8.o(i._printf_core) for _printf_core
    printf8.o(i.__0vfprintf$8) refers to myuart.o(i.fputc) for fputc
    printf8.o(i.__0vprintf$8) refers to printf8.o(i._printf_core) for _printf_core
    printf8.o(i.__0vprintf$8) refers to myuart.o(i.fputc) for fputc
    printf8.o(i.__0vprintf$8) refers to stdout.o(.data) for __stdout
    printf8.o(i.__0vsnprintf$8) refers to printf8.o(i._printf_core) for _printf_core
    printf8.o(i.__0vsnprintf$8) refers to printf8.o(i._snputc) for _snputc
    printf8.o(i.__0vsprintf$8) refers to printf8.o(i._printf_core) for _printf_core
    printf8.o(i.__0vsprintf$8) refers to printf8.o(i._sputc) for _sputc
    printf8.o(i._printf_core) refers to printf8.o(i._printf_pre_padding) for _printf_pre_padding
    printf8.o(i._printf_core) refers to uldiv.o(.text) for __aeabi_uldivmod
    printf8.o(i._printf_core) refers to printf8.o(i._printf_post_padding) for _printf_post_padding
    printfa.o(i.__0fprintf) refers (Special) to iusefp.o(.text) for __I$use$fp
    printfa.o(i.__0fprintf) refers to printfa.o(i._printf_core) for _printf_core
    printfa.o(i.__0fprintf) refers to myuart.o(i.fputc) for fputc
    printfa.o(i.__0printf) refers (Special) to iusefp.o(.text) for __I$use$fp
    printfa.o(i.__0printf) refers to printfa.o(i._printf_core) for _printf_core
    printfa.o(i.__0printf) refers to myuart.o(i.fputc) for fputc
    printfa.o(i.__0printf) refers to stdout.o(.data) for __stdout
    printfa.o(i.__0snprintf) refers (Special) to iusefp.o(.text) for __I$use$fp
    printfa.o(i.__0snprintf) refers to printfa.o(i._printf_core) for _printf_core
    printfa.o(i.__0snprintf) refers to printfa.o(i._snputc) for _snputc
    printfa.o(i.__0sprintf) refers (Special) to iusefp.o(.text) for __I$use$fp
    printfa.o(i.__0sprintf) refers to printfa.o(i._printf_core) for _printf_core
    printfa.o(i.__0sprintf) refers to printfa.o(i._sputc) for _sputc
    printfa.o(i.__0vfprintf) refers (Special) to iusefp.o(.text) for __I$use$fp
    printfa.o(i.__0vfprintf) refers to printfa.o(i._printf_core) for _printf_core
    printfa.o(i.__0vfprintf) refers to myuart.o(i.fputc) for fputc
    printfa.o(i.__0vprintf) refers (Special) to iusefp.o(.text) for __I$use$fp
    printfa.o(i.__0vprintf) refers to printfa.o(i._printf_core) for _printf_core
    printfa.o(i.__0vprintf) refers to myuart.o(i.fputc) for fputc
    printfa.o(i.__0vprintf) refers to stdout.o(.data) for __stdout
    printfa.o(i.__0vsnprintf) refers (Special) to iusefp.o(.text) for __I$use$fp
    printfa.o(i.__0vsnprintf) refers to printfa.o(i._printf_core) for _printf_core
    printfa.o(i.__0vsnprintf) refers to printfa.o(i._snputc) for _snputc
    printfa.o(i.__0vsprintf) refers (Special) to iusefp.o(.text) for __I$use$fp
    printfa.o(i.__0vsprintf) refers to printfa.o(i._printf_core) for _printf_core
    printfa.o(i.__0vsprintf) refers to printfa.o(i._sputc) for _sputc
    printfa.o(i._fp_digits) refers (Special) to iusefp.o(.text) for __I$use$fp
    printfa.o(i._fp_digits) refers to dmul.o(.text) for __aeabi_dmul
    printfa.o(i._fp_digits) refers to ddiv.o(.text) for __aeabi_ddiv
    printfa.o(i._fp_digits) refers to cdrcmple.o(.text) for __aeabi_cdrcmple
    printfa.o(i._fp_digits) refers to dadd.o(.text) for __aeabi_dadd
    printfa.o(i._fp_digits) refers to dfixul.o(.text) for __aeabi_d2ulz
    printfa.o(i._fp_digits) refers to uldiv.o(.text) for __aeabi_uldivmod
    printfa.o(i._printf_core) refers (Special) to iusefp.o(.text) for __I$use$fp
    printfa.o(i._printf_core) refers to printfa.o(i._printf_pre_padding) for _printf_pre_padding
    printfa.o(i._printf_core) refers to uldiv.o(.text) for __aeabi_uldivmod
    printfa.o(i._printf_core) refers to printfa.o(i._printf_post_padding) for _printf_post_padding
    printfa.o(i._printf_core) refers to printfa.o(i._fp_digits) for _fp_digits
    printfa.o(i._printf_core) refers to uidiv.o(.text) for __aeabi_uidivmod
    printfa.o(i._printf_post_padding) refers (Special) to iusefp.o(.text) for __I$use$fp
    printfa.o(i._printf_pre_padding) refers (Special) to iusefp.o(.text) for __I$use$fp
    printfa.o(i._snputc) refers (Special) to iusefp.o(.text) for __I$use$fp
    printfa.o(i._sputc) refers (Special) to iusefp.o(.text) for __I$use$fp
    f2d.o(.text) refers (Special) to iusefp.o(.text) for __I$use$fp
    entry2.o(.ARM.Collect$$$$00000001) refers to entry2.o(.ARM.Collect$$$$00002712) for __lit__00000000
    entry2.o(.ARM.Collect$$$$00002712) refers to startup_msp432p401r_uvision.o(STACK) for __initial_sp
    entry2.o(__vectab_stack_and_reset_area) refers to startup_msp432p401r_uvision.o(STACK) for __initial_sp
    entry2.o(__vectab_stack_and_reset_area) refers to entry.o(.ARM.Collect$$$$00000000) for __main
    entry5.o(.ARM.Collect$$$$00000004) refers to init.o(.text) for __scatterload
    entry9a.o(.ARM.Collect$$$$0000000B) refers to main.o(i.main) for main
    entry9b.o(.ARM.Collect$$$$0000000C) refers to main.o(i.main) for main
    uldiv.o(.text) refers to llushr.o(.text) for __aeabi_llsr
    uldiv.o(.text) refers to llshl.o(.text) for __aeabi_llsl
    dadd.o(.text) refers to llshl.o(.text) for __aeabi_llsl
    dadd.o(.text) refers to llsshr.o(.text) for __aeabi_lasr
    dadd.o(.text) refers to depilogue.o(.text) for _double_epilogue
    dmul.o(.text) refers to depilogue.o(.text) for _double_epilogue
    ddiv.o(.text) refers to depilogue.o(.text) for _double_round
    dfixul.o(.text) refers to llushr.o(.text) for __aeabi_llsr
    dfixul.o(.text) refers to llshl.o(.text) for __aeabi_llsl
    init.o(.text) refers to entry5.o(.ARM.Collect$$$$00000004) for __main_after_scatterload
    depilogue.o(.text) refers to llshl.o(.text) for __aeabi_llsl
    depilogue.o(.text) refers to llushr.o(.text) for __aeabi_llsr


==============================================================================

Removing Unused input sections from the image.

    Removing startup_msp432p401r_uvision.o(HEAP), (0 bytes).
    Removing system_msp432p401r.o(.rev16_text), (4 bytes).
    Removing system_msp432p401r.o(.revsh_text), (4 bytes).
    Removing system_msp432p401r.o(.rrx_text), (6 bytes).
    Removing system_msp432p401r.o(i.SystemCoreClockUpdate), (628 bytes).
    Removing system_msp432p401r.o(.data), (4 bytes).
    Removing delay.o(.rev16_text), (4 bytes).
    Removing delay.o(.revsh_text), (4 bytes).
    Removing delay.o(.rrx_text), (6 bytes).
    Removing delay.o(i.delay_us), (60 bytes).
    Removing sys.o(.rev16_text), (4 bytes).
    Removing sys.o(.revsh_text), (4 bytes).
    Removing sys.o(.rrx_text), (6 bytes).
    Removing sys.o(i.DCO_set), (96 bytes).
    Removing sys.o(i.MCLK_set), (264 bytes).
    Removing led.o(.rev16_text), (4 bytes).
    Removing led.o(.revsh_text), (4 bytes).
    Removing led.o(.rrx_text), (6 bytes).
    Removing led.o(i.led_on), (98 bytes).
    Removing exti.o(.rev16_text), (4 bytes).
    Removing exti.o(.revsh_text), (4 bytes).
    Removing exti.o(.rrx_text), (6 bytes).
    Removing isr.o(.rev16_text), (4 bytes).
    Removing isr.o(.revsh_text), (4 bytes).
    Removing isr.o(.rrx_text), (6 bytes).
    Removing key.o(.rev16_text), (4 bytes).
    Removing key.o(.revsh_text), (4 bytes).
    Removing key.o(.rrx_text), (6 bytes).
    Removing soft_interrupt.o(.rev16_text), (4 bytes).
    Removing soft_interrupt.o(.revsh_text), (4 bytes).
    Removing soft_interrupt.o(.rrx_text), (6 bytes).
    Removing soft_interrupt.o(i.INT_Mask), (14 bytes).
    Removing soft_interrupt.o(i.INT_SetPriority), (18 bytes).
    Removing soft_interrupt.o(i.SOFT_Pending), (18 bytes).
    Removing soft_interrupt.o(i.SOFT_Unpending), (12 bytes).
    Removing myuart.o(.rev16_text), (4 bytes).
    Removing myuart.o(.revsh_text), (4 bytes).
    Removing myuart.o(.rrx_text), (6 bytes).
    Removing myuart.o(i.fgetc), (32 bytes).
    Removing timera.o(.rev16_text), (4 bytes).
    Removing timera.o(.revsh_text), (4 bytes).
    Removing timera.o(.rrx_text), (6 bytes).
    Removing timera.o(i.TimerA_INT_Init), (192 bytes).
    Removing timera.o(i.TimerA_PWM_Init), (512 bytes).
    Removing timera.o(.constdata), (24 bytes).
    Removing timera.o(.data), (24 bytes).
    Removing servo.o(.rev16_text), (4 bytes).
    Removing servo.o(.revsh_text), (4 bytes).
    Removing servo.o(.rrx_text), (6 bytes).
    Removing servo.o(i.Servo_Init), (176 bytes).
    Removing servo.o(i.Servo_SetPWM), (132 bytes).
    Removing oled.o(.rev16_text), (4 bytes).
    Removing oled.o(.revsh_text), (4 bytes).
    Removing oled.o(.rrx_text), (6 bytes).
    Removing oled.o(i.OLED_Pow), (20 bytes).
    Removing oled.o(i.OLED_ShowBinNum), (62 bytes).
    Removing oled.o(i.OLED_ShowChar), (116 bytes).
    Removing oled.o(i.OLED_ShowChinese), (108 bytes).
    Removing oled.o(i.OLED_ShowFloat), (88 bytes).
    Removing oled.o(i.OLED_ShowHexNum), (84 bytes).
    Removing oled.o(i.OLED_ShowNum), (68 bytes).
    Removing oled.o(i.OLED_ShowPhoto), (300 bytes).
    Removing oled.o(i.OLED_ShowSignedNum), (102 bytes).
    Removing oled.o(i.OLED_ShowString), (40 bytes).
    Removing oled.o(.constdata), (2096 bytes).
    Removing mygpio.o(.rev16_text), (4 bytes).
    Removing mygpio.o(.revsh_text), (4 bytes).
    Removing mygpio.o(.rrx_text), (6 bytes).
    Removing oled_spi.o(.rev16_text), (4 bytes).
    Removing oled_spi.o(.revsh_text), (4 bytes).
    Removing oled_spi.o(.rrx_text), (6 bytes).
    Removing oled_spi.o(i.OLED_Display_Off), (28 bytes).
    Removing oled_spi.o(i.OLED_Display_On), (28 bytes).
    Removing oled_spi.o(i.OLED_SPI_DrawBMP), (118 bytes).
    Removing oled_spi.o(i.OLED_SPI_ShowCHinese), (104 bytes).
    Removing oled_spi.o(i.OLED_SPI_ShowChar), (112 bytes).
    Removing oled_spi.o(i.OLED_SPI_ShowNum), (132 bytes).
    Removing oled_spi.o(i.OLED_SPI_ShowString), (54 bytes).
    Removing oled_spi.o(i.oled_pow), (22 bytes).
    Removing oled_spi.o(.constdata), (2072 bytes).
    Removing oled_spi.o(.data), (2496 bytes).
    Removing vofa.o(.rev16_text), (4 bytes).
    Removing vofa.o(.revsh_text), (4 bytes).
    Removing vofa.o(.rrx_text), (6 bytes).
    Removing vofa.o(i.VOFA_TxData), (996 bytes).
    Removing vofa.o(i.VOFA_TxData_FireWater), (132 bytes).
    Removing vofa.o(.bss), (40 bytes).
    Removing main.o(.rev16_text), (4 bytes).
    Removing main.o(.revsh_text), (4 bytes).
    Removing main.o(.rrx_text), (6 bytes).
    Removing cs.o(.rev16_text), (4 bytes).
    Removing cs.o(.revsh_text), (4 bytes).
    Removing cs.o(.rrx_text), (6 bytes).
    Removing cs.o(i.CS_clearInterruptFlag), (36 bytes).
    Removing cs.o(i.CS_disableClockRequest), (40 bytes).
    Removing cs.o(i.CS_disableDCOExternalResistor), (32 bytes).
    Removing cs.o(i.CS_disableFaultCounter), (40 bytes).
    Removing cs.o(i.CS_disableInterrupt), (40 bytes).
    Removing cs.o(i.CS_enableClockRequest), (36 bytes).
    Removing cs.o(i.CS_enableDCOExternalResistor), (28 bytes).
    Removing cs.o(i.CS_enableFaultCounter), (36 bytes).
    Removing cs.o(i.CS_enableInterrupt), (36 bytes).
    Removing cs.o(i.CS_getEnabledInterruptStatus), (20 bytes).
    Removing cs.o(i.CS_getInterruptStatus), (12 bytes).
    Removing cs.o(i.CS_registerInterrupt), (20 bytes).
    Removing cs.o(i.CS_resetFaultCounter), (36 bytes).
    Removing cs.o(i.CS_setDCOCenteredFrequency), (36 bytes).
    Removing cs.o(i.CS_setDCOExternalResistorCalibration), (128 bytes).
    Removing cs.o(i.CS_setDCOFrequency), (380 bytes).
    Removing cs.o(i.CS_setReferenceOscillatorFrequency), (32 bytes).
    Removing cs.o(i.CS_startFaultCounter), (52 bytes).
    Removing cs.o(i.CS_tuneDCOFrequency), (88 bytes).
    Removing cs.o(i.CS_unregisterInterrupt), (18 bytes).
    Removing flash.o(.rev16_text), (4 bytes).
    Removing flash.o(.revsh_text), (4 bytes).
    Removing flash.o(.rrx_text), (6 bytes).
    Removing flash.o(i.FlashCtl_clearInterruptFlag), (16 bytes).
    Removing flash.o(i.FlashCtl_clearProgramVerification), (64 bytes).
    Removing flash.o(i.FlashCtl_disableInterrupt), (20 bytes).
    Removing flash.o(i.FlashCtl_disableReadBuffering), (64 bytes).
    Removing flash.o(i.FlashCtl_disableWordProgramming), (12 bytes).
    Removing flash.o(i.FlashCtl_enableInterrupt), (16 bytes).
    Removing flash.o(i.FlashCtl_enableReadBuffering), (64 bytes).
    Removing flash.o(i.FlashCtl_enableWordProgramming), (32 bytes).
    Removing flash.o(i.FlashCtl_eraseSector), (248 bytes).
    Removing flash.o(i.FlashCtl_getEnabledInterruptStatus), (16 bytes).
    Removing flash.o(i.FlashCtl_getInterruptStatus), (12 bytes).
    Removing flash.o(i.FlashCtl_getMemoryInfo), (36 bytes).
    Removing flash.o(i.FlashCtl_getReadMode), (32 bytes).
    Removing flash.o(i.FlashCtl_getWaitState), (32 bytes).
    Removing flash.o(i.FlashCtl_initiateMassErase), (28 bytes).
    Removing flash.o(i.FlashCtl_initiateSectorErase), (100 bytes).
    Removing flash.o(i.FlashCtl_isSectorProtected), (72 bytes).
    Removing flash.o(i.FlashCtl_isWordProgrammingEnabled), (32 bytes).
    Removing flash.o(i.FlashCtl_performMassErase), (520 bytes).
    Removing flash.o(i.FlashCtl_programMemory), (656 bytes).
    Removing flash.o(i.FlashCtl_protectSector), (76 bytes).
    Removing flash.o(i.FlashCtl_registerInterrupt), (20 bytes).
    Removing flash.o(i.FlashCtl_setProgramVerification), (64 bytes).
    Removing flash.o(i.FlashCtl_setReadMode), (72 bytes).
    Removing flash.o(i.FlashCtl_unprotectSector), (84 bytes).
    Removing flash.o(i.FlashCtl_unregisterInterrupt), (18 bytes).
    Removing flash.o(i.FlashCtl_verifyMemory), (480 bytes).
    Removing flash.o(i._FlashCtl_Program32), (496 bytes).
    Removing flash.o(i._FlashCtl_Program8), (348 bytes).
    Removing flash.o(i.__FlashCtl_remaskBurstDataPost), (252 bytes).
    Removing flash.o(i.__FlashCtl_remaskBurstDataPre), (256 bytes).
    Removing flash.o(i.__FlashCtl_remaskData32Post), (172 bytes).
    Removing flash.o(i.__FlashCtl_remaskData32Pre), (176 bytes).
    Removing flash.o(i.__FlashCtl_remaskData8Post), (104 bytes).
    Removing flash.o(i.__FlashCtl_remaskData8Pre), (108 bytes).
    Removing flash.o(.data), (64 bytes).
    Removing gpio.o(.rev16_text), (4 bytes).
    Removing gpio.o(.revsh_text), (4 bytes).
    Removing gpio.o(.rrx_text), (6 bytes).
    Removing gpio.o(i.GPIO_disableInterrupt), (20 bytes).
    Removing gpio.o(i.GPIO_getInputPinValue), (20 bytes).
    Removing gpio.o(i.GPIO_getInterruptStatus), (16 bytes).
    Removing gpio.o(i.GPIO_registerInterrupt), (28 bytes).
    Removing gpio.o(i.GPIO_setAsInputPin), (40 bytes).
    Removing gpio.o(i.GPIO_setAsInputPinWithPullDownResistor), (44 bytes).
    Removing gpio.o(i.GPIO_setDriveStrengthHigh), (20 bytes).
    Removing gpio.o(i.GPIO_setDriveStrengthLow), (20 bytes).
    Removing gpio.o(i.GPIO_unregisterInterrupt), (28 bytes).
    Removing gpio.o(.constdata), (28 bytes).
    Removing interrupt.o(.rev16_text), (4 bytes).
    Removing interrupt.o(.revsh_text), (4 bytes).
    Removing interrupt.o(.rrx_text), (6 bytes).
    Removing interrupt.o(i.IntDefaultHandler), (2 bytes).
    Removing interrupt.o(i.Interrupt_disableInterrupt), (100 bytes).
    Removing interrupt.o(i.Interrupt_disableMaster), (14 bytes).
    Removing interrupt.o(i.Interrupt_enableSleepOnIsrExit), (16 bytes).
    Removing interrupt.o(i.Interrupt_getPriority), (28 bytes).
    Removing interrupt.o(i.Interrupt_getPriorityGrouping), (36 bytes).
    Removing interrupt.o(i.Interrupt_getPriorityMask), (10 bytes).
    Removing interrupt.o(i.Interrupt_getVectorTableAddress), (12 bytes).
    Removing interrupt.o(i.Interrupt_isEnabled), (104 bytes).
    Removing interrupt.o(i.Interrupt_pendInterrupt), (84 bytes).
    Removing interrupt.o(i.Interrupt_registerInterrupt), (52 bytes).
    Removing interrupt.o(i.Interrupt_setPriority), (40 bytes).
    Removing interrupt.o(i.Interrupt_setPriorityGrouping), (28 bytes).
    Removing interrupt.o(i.Interrupt_setPriorityMask), (4 bytes).
    Removing interrupt.o(i.Interrupt_setVectorTableAddress), (12 bytes).
    Removing interrupt.o(i.Interrupt_unpendInterrupt), (68 bytes).
    Removing interrupt.o(i.Interrupt_unregisterInterrupt), (20 bytes).
    Removing interrupt.o(vtable), (228 bytes).
    Removing pcm.o(.rev16_text), (4 bytes).
    Removing pcm.o(.revsh_text), (4 bytes).
    Removing pcm.o(.rrx_text), (6 bytes).
    Removing pcm.o(i.PCM_clearInterruptFlag), (16 bytes).
    Removing pcm.o(i.PCM_disableInterrupt), (16 bytes).
    Removing pcm.o(i.PCM_disableRudeMode), (28 bytes).
    Removing pcm.o(i.PCM_enableInterrupt), (16 bytes).
    Removing pcm.o(i.PCM_enableRudeMode), (24 bytes).
    Removing pcm.o(i.PCM_getEnabledInterruptStatus), (16 bytes).
    Removing pcm.o(i.PCM_getInterruptStatus), (12 bytes).
    Removing pcm.o(i.PCM_getPowerState), (12 bytes).
    Removing pcm.o(i.PCM_gotoLPM0), (44 bytes).
    Removing pcm.o(i.PCM_gotoLPM0InterruptSafe), (24 bytes).
    Removing pcm.o(i.PCM_gotoLPM3), (136 bytes).
    Removing pcm.o(i.PCM_gotoLPM3InterruptSafe), (24 bytes).
    Removing pcm.o(i.PCM_gotoLPM4), (18 bytes).
    Removing pcm.o(i.PCM_gotoLPM4InterruptSafe), (32 bytes).
    Removing pcm.o(i.PCM_registerInterrupt), (20 bytes).
    Removing pcm.o(i.PCM_setCoreVoltageLevelNonBlocking), (8 bytes).
    Removing pcm.o(i.PCM_setCoreVoltageLevelWithTimeout), (6 bytes).
    Removing pcm.o(i.PCM_setPowerMode), (8 bytes).
    Removing pcm.o(i.PCM_setPowerModeNonBlocking), (8 bytes).
    Removing pcm.o(i.PCM_setPowerModeWithTimeout), (6 bytes).
    Removing pcm.o(i.PCM_setPowerState), (8 bytes).
    Removing pcm.o(i.PCM_setPowerStateNonBlocking), (8 bytes).
    Removing pcm.o(i.PCM_setPowerStateWithTimeout), (6 bytes).
    Removing pcm.o(i.PCM_shutdownDevice), (76 bytes).
    Removing pcm.o(i.PCM_unregisterInterrupt), (18 bytes).
    Removing pcm.o(i.__PCM_setPowerStateAdvanced), (580 bytes).
    Removing timer_a.o(.rev16_text), (4 bytes).
    Removing timer_a.o(.revsh_text), (4 bytes).
    Removing timer_a.o(.rrx_text), (6 bytes).
    Removing timer_a.o(i.Timer_A_clearInterruptFlag), (12 bytes).
    Removing timer_a.o(i.Timer_A_configureContinuousMode), (42 bytes).
    Removing timer_a.o(i.Timer_A_configureUpDownMode), (70 bytes).
    Removing timer_a.o(i.Timer_A_configureUpMode), (70 bytes).
    Removing timer_a.o(i.Timer_A_disableCaptureCompareInterrupt), (28 bytes).
    Removing timer_a.o(i.Timer_A_disableInterrupt), (12 bytes).
    Removing timer_a.o(i.Timer_A_enableCaptureCompareInterrupt), (28 bytes).
    Removing timer_a.o(i.Timer_A_enableInterrupt), (12 bytes).
    Removing timer_a.o(i.Timer_A_generatePWM), (80 bytes).
    Removing timer_a.o(i.Timer_A_getCaptureCompareCount), (18 bytes).
    Removing timer_a.o(i.Timer_A_getCaptureCompareEnabledInterruptStatus), (38 bytes).
    Removing timer_a.o(i.Timer_A_getCaptureCompareInterruptStatus), (20 bytes).
    Removing timer_a.o(i.Timer_A_getCounterValue), (28 bytes).
    Removing timer_a.o(i.Timer_A_getEnabledInterruptStatus), (18 bytes).
    Removing timer_a.o(i.Timer_A_getInterruptStatus), (8 bytes).
    Removing timer_a.o(i.Timer_A_getOutputForOutputModeOutBitValue), (32 bytes).
    Removing timer_a.o(i.Timer_A_getSynchronizedCaptureCompareInput), (24 bytes).
    Removing timer_a.o(i.Timer_A_initCapture), (68 bytes).
    Removing timer_a.o(i.Timer_A_initCompare), (40 bytes).
    Removing timer_a.o(i.Timer_A_registerInterrupt), (214 bytes).
    Removing timer_a.o(i.Timer_A_setCompareValue), (18 bytes).
    Removing timer_a.o(i.Timer_A_setOutputForOutputModeOutBitValue), (26 bytes).
    Removing timer_a.o(i.Timer_A_startCounter), (8 bytes).
    Removing timer_a.o(i.Timer_A_stopTimer), (10 bytes).
    Removing timer_a.o(i.Timer_A_unregisterInterrupt), (198 bytes).
    Removing timer_a.o(i.privateTimer_AProcessClockSourceDivider), (190 bytes).
    Removing uart.o(.rev16_text), (4 bytes).
    Removing uart.o(.revsh_text), (4 bytes).
    Removing uart.o(.rrx_text), (6 bytes).
    Removing uart.o(i.UART_disableInterrupt), (26 bytes).
    Removing uart.o(i.UART_disableModule), (12 bytes).
    Removing uart.o(i.UART_getInterruptStatus), (6 bytes).
    Removing uart.o(i.UART_getReceiveBufferAddressForDMA), (4 bytes).
    Removing uart.o(i.UART_getTransmitBufferAddressForDMA), (4 bytes).
    Removing uart.o(i.UART_queryStatusFlags), (6 bytes).
    Removing uart.o(i.UART_registerInterrupt), (96 bytes).
    Removing uart.o(i.UART_resetDormant), (12 bytes).
    Removing uart.o(i.UART_selectDeglitchTime), (12 bytes).
    Removing uart.o(i.UART_setDormant), (12 bytes).
    Removing uart.o(i.UART_transmitAddress), (14 bytes).
    Removing uart.o(i.UART_transmitBreak), (48 bytes).
    Removing uart.o(i.UART_unregisterInterrupt), (96 bytes).
    Removing wdt_a.o(.rev16_text), (4 bytes).
    Removing wdt_a.o(.revsh_text), (4 bytes).
    Removing wdt_a.o(.rrx_text), (6 bytes).
    Removing wdt_a.o(i.WDT_A_clearTimer), (24 bytes).
    Removing wdt_a.o(i.WDT_A_initIntervalTimer), (20 bytes).
    Removing wdt_a.o(i.WDT_A_initWatchdogTimer), (20 bytes).
    Removing wdt_a.o(i.WDT_A_registerInterrupt), (20 bytes).
    Removing wdt_a.o(i.WDT_A_setPasswordViolationReset), (4 bytes).
    Removing wdt_a.o(i.WDT_A_setTimeoutReset), (4 bytes).
    Removing wdt_a.o(i.WDT_A_startTimer), (20 bytes).
    Removing wdt_a.o(i.WDT_A_unregisterInterrupt), (18 bytes).
    Removing cpu.o(.rev16_text), (4 bytes).
    Removing cpu.o(.revsh_text), (4 bytes).
    Removing cpu.o(.rrx_text), (6 bytes).
    Removing rtc_c.o(.rev16_text), (4 bytes).
    Removing rtc_c.o(.revsh_text), (4 bytes).
    Removing rtc_c.o(.rrx_text), (6 bytes).
    Removing rtc_c.o(i.RTC_C_clearInterruptFlag), (76 bytes).
    Removing rtc_c.o(i.RTC_C_convertBCDToBinary), (12 bytes).
    Removing rtc_c.o(i.RTC_C_convertBinaryToBCD), (12 bytes).
    Removing rtc_c.o(i.RTC_C_definePrescaleEvent), (30 bytes).
    Removing rtc_c.o(i.RTC_C_disableInterrupt), (72 bytes).
    Removing rtc_c.o(i.RTC_C_enableInterrupt), (60 bytes).
    Removing rtc_c.o(i.RTC_C_getCalendarTime), (100 bytes).
    Removing rtc_c.o(i.RTC_C_getEnabledInterruptStatus), (108 bytes).
    Removing rtc_c.o(i.RTC_C_getInterruptStatus), (44 bytes).
    Removing rtc_c.o(i.RTC_C_getPrescaleValue), (28 bytes).
    Removing rtc_c.o(i.RTC_C_holdClock), (40 bytes).
    Removing rtc_c.o(i.RTC_C_initCalendar), (108 bytes).
    Removing rtc_c.o(i.RTC_C_registerInterrupt), (20 bytes).
    Removing rtc_c.o(i.RTC_C_setCalendarAlarm), (44 bytes).
    Removing rtc_c.o(i.RTC_C_setCalendarEvent), (44 bytes).
    Removing rtc_c.o(i.RTC_C_setCalibrationData), (40 bytes).
    Removing rtc_c.o(i.RTC_C_setCalibrationFrequency), (44 bytes).
    Removing rtc_c.o(i.RTC_C_setPrescaleValue), (68 bytes).
    Removing rtc_c.o(i.RTC_C_setTemperatureCompensation), (36 bytes).
    Removing rtc_c.o(i.RTC_C_startClock), (36 bytes).
    Removing rtc_c.o(i.RTC_C_unregisterInterrupt), (18 bytes).
    Removing sysctl.o(.rev16_text), (4 bytes).
    Removing sysctl.o(.revsh_text), (4 bytes).
    Removing sysctl.o(.rrx_text), (6 bytes).
    Removing sysctl.o(i.SysCtl_disableGlitchFilter), (16 bytes).
    Removing sysctl.o(i.SysCtl_disablePeripheralAtCPUHalt), (16 bytes).
    Removing sysctl.o(i.SysCtl_disableSRAMBank), (84 bytes).
    Removing sysctl.o(i.SysCtl_disableSRAMBankRetention), (24 bytes).
    Removing sysctl.o(i.SysCtl_enableGlitchFilter), (16 bytes).
    Removing sysctl.o(i.SysCtl_enablePeripheralAtCPUHalt), (16 bytes).
    Removing sysctl.o(i.SysCtl_enableSRAMBank), (24 bytes).
    Removing sysctl.o(i.SysCtl_enableSRAMBankRetention), (24 bytes).
    Removing sysctl.o(i.SysCtl_getFlashSize), (12 bytes).
    Removing sysctl.o(i.SysCtl_getSRAMSize), (12 bytes).
    Removing sysctl.o(i.SysCtl_getTempCalibrationConstant), (14 bytes).
    Removing sysctl.o(i.SysCtl_rebootDevice), (16 bytes).
    Removing sysctl.o(i.SysCtl_setWDTPasswordViolationResetType), (24 bytes).
    Removing sysctl.o(i.SysCtl_setWDTTimeoutResetType), (24 bytes).
    Removing f2d.o(.text), (38 bytes).

316 unused section(s) (total 23590 bytes) removed from the image.

==============================================================================

Image Symbol Table

    Local Symbols

    Symbol Name                              Value     Ov Type        Size  Object(Section)

    RESET                                    0x00000000   Section      324  startup_msp432p401r_uvision.o(RESET)
    ../clib/microlib/division.c              0x00000000   Number         0  uldiv.o ABSOLUTE
    ../clib/microlib/division.c              0x00000000   Number         0  uidiv.o ABSOLUTE
    ../clib/microlib/init/entry.s            0x00000000   Number         0  entry2.o ABSOLUTE
    ../clib/microlib/init/entry.s            0x00000000   Number         0  entry7a.o ABSOLUTE
    ../clib/microlib/init/entry.s            0x00000000   Number         0  entry11a.o ABSOLUTE
    ../clib/microlib/init/entry.s            0x00000000   Number         0  entry.o ABSOLUTE
    ../clib/microlib/init/entry.s            0x00000000   Number         0  entry7b.o ABSOLUTE
    ../clib/microlib/init/entry.s            0x00000000   Number         0  entry8a.o ABSOLUTE
    ../clib/microlib/init/entry.s            0x00000000   Number         0  entry8b.o ABSOLUTE
    ../clib/microlib/init/entry.s            0x00000000   Number         0  entry5.o ABSOLUTE
    ../clib/microlib/init/entry.s            0x00000000   Number         0  entry9a.o ABSOLUTE
    ../clib/microlib/init/entry.s            0x00000000   Number         0  entry9b.o ABSOLUTE
    ../clib/microlib/init/entry.s            0x00000000   Number         0  entry10a.o ABSOLUTE
    ../clib/microlib/init/entry.s            0x00000000   Number         0  entry10b.o ABSOLUTE
    ../clib/microlib/init/entry.s            0x00000000   Number         0  entry11b.o ABSOLUTE
    ../clib/microlib/longlong.c              0x00000000   Number         0  llushr.o ABSOLUTE
    ../clib/microlib/longlong.c              0x00000000   Number         0  llshl.o ABSOLUTE
    ../clib/microlib/longlong.c              0x00000000   Number         0  llsshr.o ABSOLUTE
    ../clib/microlib/printf/printf.c         0x00000000   Number         0  printf6.o ABSOLUTE
    ../clib/microlib/printf/printf.c         0x00000000   Number         0  printf2.o ABSOLUTE
    ../clib/microlib/printf/printf.c         0x00000000   Number         0  printf5.o ABSOLUTE
    ../clib/microlib/printf/printf.c         0x00000000   Number         0  printfa.o ABSOLUTE
    ../clib/microlib/printf/printf.c         0x00000000   Number         0  printf4.o ABSOLUTE
    ../clib/microlib/printf/printf.c         0x00000000   Number         0  printf8.o ABSOLUTE
    ../clib/microlib/printf/printf.c         0x00000000   Number         0  printf7.o ABSOLUTE
    ../clib/microlib/printf/printf.c         0x00000000   Number         0  printf3.o ABSOLUTE
    ../clib/microlib/printf/printf.c         0x00000000   Number         0  printf1.o ABSOLUTE
    ../clib/microlib/printf/printf.c         0x00000000   Number         0  printfb.o ABSOLUTE
    ../clib/microlib/printf/printf.c         0x00000000   Number         0  printf0.o ABSOLUTE
    ../clib/microlib/printf/stubs.s          0x00000000   Number         0  stubs.o ABSOLUTE
    ../clib/microlib/stdio/streams.c         0x00000000   Number         0  stdout.o ABSOLUTE
    ../clib/microlib/string/memcpy.c         0x00000000   Number         0  memcpyb.o ABSOLUTE
    ../clib/microlib/string/memcpy.c         0x00000000   Number         0  memcpya.o ABSOLUTE
    ../clib/microlib/string/memset.c         0x00000000   Number         0  memseta.o ABSOLUTE
    ../clib/microlib/string/strlen.c         0x00000000   Number         0  strlen.o ABSOLUTE
    ../clib/microlib/stubs.s                 0x00000000   Number         0  iusefp.o ABSOLUTE
    ../fplib/microlib/f2d.c                  0x00000000   Number         0  f2d.o ABSOLUTE
    ../fplib/microlib/fpadd.c                0x00000000   Number         0  dadd.o ABSOLUTE
    ../fplib/microlib/fpdiv.c                0x00000000   Number         0  ddiv.o ABSOLUTE
    ../fplib/microlib/fpepilogue.c           0x00000000   Number         0  depilogue.o ABSOLUTE
    ../fplib/microlib/fpfix.c                0x00000000   Number         0  dfixul.o ABSOLUTE
    ../fplib/microlib/fpmul.c                0x00000000   Number         0  dmul.o ABSOLUTE
    ..\Hardware\src\EXTI.c                   0x00000000   Number         0  exti.o ABSOLUTE
    ..\Hardware\src\MyGPIO.c                 0x00000000   Number         0  mygpio.o ABSOLUTE
    ..\Hardware\src\OLED.c                   0x00000000   Number         0  oled.o ABSOLUTE
    ..\Hardware\src\OLED_SPI.c               0x00000000   Number         0  oled_spi.o ABSOLUTE
    ..\Hardware\src\TimerA.c                 0x00000000   Number         0  timera.o ABSOLUTE
    ..\Hardware\src\VOFA.c                   0x00000000   Number         0  vofa.o ABSOLUTE
    ..\Hardware\src\delay.c                  0x00000000   Number         0  delay.o ABSOLUTE
    ..\Hardware\src\isr.c                    0x00000000   Number         0  isr.o ABSOLUTE
    ..\Hardware\src\key.c                    0x00000000   Number         0  key.o ABSOLUTE
    ..\Hardware\src\led.c                    0x00000000   Number         0  led.o ABSOLUTE
    ..\Hardware\src\myuart.c                 0x00000000   Number         0  myuart.o ABSOLUTE
    ..\Hardware\src\servo.c                  0x00000000   Number         0  servo.o ABSOLUTE
    ..\Hardware\src\soft_interrupt.c         0x00000000   Number         0  soft_interrupt.o ABSOLUTE
    ..\Hardware\src\sys.c                    0x00000000   Number         0  sys.o ABSOLUTE
    ..\\Hardware\\src\\EXTI.c                0x00000000   Number         0  exti.o ABSOLUTE
    ..\\Hardware\\src\\MyGPIO.c              0x00000000   Number         0  mygpio.o ABSOLUTE
    ..\\Hardware\\src\\OLED.c                0x00000000   Number         0  oled.o ABSOLUTE
    ..\\Hardware\\src\\OLED_SPI.c            0x00000000   Number         0  oled_spi.o ABSOLUTE
    ..\\Hardware\\src\\TimerA.c              0x00000000   Number         0  timera.o ABSOLUTE
    ..\\Hardware\\src\\VOFA.c                0x00000000   Number         0  vofa.o ABSOLUTE
    ..\\Hardware\\src\\delay.c               0x00000000   Number         0  delay.o ABSOLUTE
    ..\\Hardware\\src\\isr.c                 0x00000000   Number         0  isr.o ABSOLUTE
    ..\\Hardware\\src\\key.c                 0x00000000   Number         0  key.o ABSOLUTE
    ..\\Hardware\\src\\led.c                 0x00000000   Number         0  led.o ABSOLUTE
    ..\\Hardware\\src\\myuart.c              0x00000000   Number         0  myuart.o ABSOLUTE
    ..\\Hardware\\src\\servo.c               0x00000000   Number         0  servo.o ABSOLUTE
    ..\\Hardware\\src\\soft_interrupt.c      0x00000000   Number         0  soft_interrupt.o ABSOLUTE
    ..\\Hardware\\src\\sys.c                 0x00000000   Number         0  sys.o ABSOLUTE
    RTE\Device\MSP432P401R\startup_msp432p401r_uvision.s 0x00000000   Number         0  startup_msp432p401r_uvision.o ABSOLUTE
    RTE\Device\MSP432P401R\system_msp432p401r.c 0x00000000   Number         0  system_msp432p401r.o ABSOLUTE
    RTE\\Device\\MSP432P401R\\system_msp432p401r.c 0x00000000   Number         0  system_msp432p401r.o ABSOLUTE
    cdrcmple.s                               0x00000000   Number         0  cdrcmple.o ABSOLUTE
    cpu.c                                    0x00000000   Number         0  cpu.o ABSOLUTE
    cpu.c                                    0x00000000   Number         0  cpu.o ABSOLUTE
    cs.c                                     0x00000000   Number         0  cs.o ABSOLUTE
    cs.c                                     0x00000000   Number         0  cs.o ABSOLUTE
    dc.s                                     0x00000000   Number         0  dc.o ABSOLUTE
    flash.c                                  0x00000000   Number         0  flash.o ABSOLUTE
    flash.c                                  0x00000000   Number         0  flash.o ABSOLUTE
    gpio.c                                   0x00000000   Number         0  gpio.o ABSOLUTE
    gpio.c                                   0x00000000   Number         0  gpio.o ABSOLUTE
    handlers.s                               0x00000000   Number         0  handlers.o ABSOLUTE
    init.s                                   0x00000000   Number         0  init.o ABSOLUTE
    interrupt.c                              0x00000000   Number         0  interrupt.o ABSOLUTE
    interrupt.c                              0x00000000   Number         0  interrupt.o ABSOLUTE
    main.c                                   0x00000000   Number         0  main.o ABSOLUTE
    main.c                                   0x00000000   Number         0  main.o ABSOLUTE
    pcm.c                                    0x00000000   Number         0  pcm.o ABSOLUTE
    pcm.c                                    0x00000000   Number         0  pcm.o ABSOLUTE
    rtc_c.c                                  0x00000000   Number         0  rtc_c.o ABSOLUTE
    rtc_c.c                                  0x00000000   Number         0  rtc_c.o ABSOLUTE
    sysctl.c                                 0x00000000   Number         0  sysctl.o ABSOLUTE
    sysctl.c                                 0x00000000   Number         0  sysctl.o ABSOLUTE
    timer_a.c                                0x00000000   Number         0  timer_a.o ABSOLUTE
    timer_a.c                                0x00000000   Number         0  timer_a.o ABSOLUTE
    uart.c                                   0x00000000   Number         0  uart.o ABSOLUTE
    uart.c                                   0x00000000   Number         0  uart.o ABSOLUTE
    wdt_a.c                                  0x00000000   Number         0  wdt_a.o ABSOLUTE
    wdt_a.c                                  0x00000000   Number         0  wdt_a.o ABSOLUTE
    .ARM.Collect$$$$00000000                 0x00000144   Section        0  entry.o(.ARM.Collect$$$$00000000)
    .ARM.Collect$$$$00000001                 0x00000144   Section        4  entry2.o(.ARM.Collect$$$$00000001)
    .ARM.Collect$$$$00000004                 0x00000148   Section        4  entry5.o(.ARM.Collect$$$$00000004)
    .ARM.Collect$$$$00000008                 0x0000014c   Section        0  entry7b.o(.ARM.Collect$$$$00000008)
    .ARM.Collect$$$$0000000A                 0x0000014c   Section        0  entry8b.o(.ARM.Collect$$$$0000000A)
    .ARM.Collect$$$$0000000B                 0x0000014c   Section        8  entry9a.o(.ARM.Collect$$$$0000000B)
    .ARM.Collect$$$$0000000D                 0x00000154   Section        0  entry10a.o(.ARM.Collect$$$$0000000D)
    .ARM.Collect$$$$0000000F                 0x00000154   Section        0  entry11a.o(.ARM.Collect$$$$0000000F)
    .ARM.Collect$$$$00002712                 0x00000154   Section        4  entry2.o(.ARM.Collect$$$$00002712)
    __lit__00000000                          0x00000154   Data           4  entry2.o(.ARM.Collect$$$$00002712)
    .emb_text                                0x00000158   Section       38  cpu.o(.emb_text)
    $v0                                      0x00000158   Number         0  cpu.o(.emb_text)
    .text                                    0x00000180   Section       36  startup_msp432p401r_uvision.o(.text)
    $v0                                      0x00000180   Number         0  startup_msp432p401r_uvision.o(.text)
    .text                                    0x000001a4   Section        0  memcpya.o(.text)
    .text                                    0x000001c8   Section        0  memseta.o(.text)
    .text                                    0x000001ec   Section        0  uidiv.o(.text)
    .text                                    0x00000218   Section        0  uldiv.o(.text)
    .text                                    0x0000027a   Section        0  dadd.o(.text)
    .text                                    0x0000027a   Section        0  iusefp.o(.text)
    .text                                    0x000003c8   Section        0  dmul.o(.text)
    .text                                    0x000004ac   Section        0  ddiv.o(.text)
    .text                                    0x0000058a   Section        0  dfixul.o(.text)
    .text                                    0x000005bc   Section       48  cdrcmple.o(.text)
    .text                                    0x000005ec   Section       36  init.o(.text)
    .text                                    0x00000610   Section        0  llshl.o(.text)
    .text                                    0x0000062e   Section        0  llushr.o(.text)
    .text                                    0x0000064e   Section        0  llsshr.o(.text)
    .text                                    0x00000672   Section        0  depilogue.o(.text)
    i.CS_getACLK                             0x0000072c   Section        0  cs.o(i.CS_getACLK)
    i.CS_getBCLK                             0x00000744   Section        0  cs.o(i.CS_getBCLK)
    i.CS_getDCOFrequency                     0x00000760   Section        0  cs.o(i.CS_getDCOFrequency)
    i.CS_getHSMCLK                           0x000008d0   Section        0  cs.o(i.CS_getHSMCLK)
    i.CS_getMCLK                             0x000008e8   Section        0  cs.o(i.CS_getMCLK)
    i.CS_getSMCLK                            0x00000900   Section        0  cs.o(i.CS_getSMCLK)
    i.CS_initClockSignal                     0x00000918   Section        0  cs.o(i.CS_initClockSignal)
    i.CS_setExternalClockSourceFrequency     0x00000a14   Section        0  cs.o(i.CS_setExternalClockSourceFrequency)
    i.CS_startHFXT                           0x00000a20   Section        0  cs.o(i.CS_startHFXT)
    i.CS_startHFXTWithTimeout                0x00000a28   Section        0  cs.o(i.CS_startHFXTWithTimeout)
    i.CS_startLFXT                           0x00000b6c   Section        0  cs.o(i.CS_startLFXT)
    i.CS_startLFXTWithTimeout                0x00000b74   Section        0  cs.o(i.CS_startLFXTWithTimeout)
    i.Clock_get                              0x00000c28   Section        0  sys.o(i.Clock_get)
    i.EUSCIA0_IRQHandler                     0x00000c4c   Section        0  isr.o(i.EUSCIA0_IRQHandler)
    i.EXTI_Init                              0x00000c88   Section        0  exti.o(i.EXTI_Init)
    i.FlashCtl_setWaitState                  0x00000d0c   Section        0  flash.o(i.FlashCtl_setWaitState)
    i.GPIO_WriteBit                          0x00000d38   Section        0  mygpio.o(i.GPIO_WriteBit)
    i.GPIO_clearInterruptFlag                0x00000d58   Section        0  gpio.o(i.GPIO_clearInterruptFlag)
    i.GPIO_enableInterrupt                   0x00000d6c   Section        0  gpio.o(i.GPIO_enableInterrupt)
    i.GPIO_getEnabledInterruptStatus         0x00000d80   Section        0  gpio.o(i.GPIO_getEnabledInterruptStatus)
    i.GPIO_interruptEdgeSelect               0x00000db4   Section        0  gpio.o(i.GPIO_interruptEdgeSelect)
    i.GPIO_setAsInputPinWithPullUpResistor   0x00000dd0   Section        0  gpio.o(i.GPIO_setAsInputPinWithPullUpResistor)
    i.GPIO_setAsOutputPin                    0x00000dfc   Section        0  gpio.o(i.GPIO_setAsOutputPin)
    i.GPIO_setAsPeripheralModuleFunctionInputPin 0x00000e1c   Section        0  gpio.o(i.GPIO_setAsPeripheralModuleFunctionInputPin)
    i.GPIO_setAsPeripheralModuleFunctionOutputPin 0x00000e64   Section        0  gpio.o(i.GPIO_setAsPeripheralModuleFunctionOutputPin)
    i.GPIO_setOutputHighOnPin                0x00000eac   Section        0  gpio.o(i.GPIO_setOutputHighOnPin)
    i.GPIO_setOutputLowOnPin                 0x00000ec0   Section        0  gpio.o(i.GPIO_setOutputLowOnPin)
    i.GPIO_toggleOutputOnPin                 0x00000ed4   Section        0  gpio.o(i.GPIO_toggleOutputOnPin)
    i.Interrupt_disableSleepOnIsrExit        0x00000ee8   Section        0  interrupt.o(i.Interrupt_disableSleepOnIsrExit)
    i.Interrupt_enableInterrupt              0x00000ef8   Section        0  interrupt.o(i.Interrupt_enableInterrupt)
    i.Interrupt_enableMaster                 0x00000f5c   Section        0  interrupt.o(i.Interrupt_enableMaster)
    i.OLED_Clear                             0x00000f6a   Section        0  oled.o(i.OLED_Clear)
    i.OLED_I2C_Init                          0x00000f94   Section        0  oled.o(i.OLED_I2C_Init)
    i.OLED_I2C_SendByte                      0x00000fbc   Section        0  oled.o(i.OLED_I2C_SendByte)
    i.OLED_I2C_Start                         0x0000100e   Section        0  oled.o(i.OLED_I2C_Start)
    i.OLED_I2C_Stop                          0x0000103a   Section        0  oled.o(i.OLED_I2C_Stop)
    i.OLED_Init                              0x0000105c   Section        0  oled.o(i.OLED_Init)
    i.OLED_SPI_Clear                         0x0000110a   Section        0  oled_spi.o(i.OLED_SPI_Clear)
    i.OLED_SPI_Init                          0x0000114a   Section        0  oled_spi.o(i.OLED_SPI_Init)
    i.OLED_SetCursor                         0x0000127e   Section        0  oled.o(i.OLED_SetCursor)
    i.OLED_Set_Pos                           0x000012a0   Section        0  oled_spi.o(i.OLED_Set_Pos)
    i.OLED_WR_Byte                           0x000012ce   Section        0  oled_spi.o(i.OLED_WR_Byte)
    i.OLED_WriteCommand                      0x0000133a   Section        0  oled.o(i.OLED_WriteCommand)
    i.OLED_WriteData                         0x0000135a   Section        0  oled.o(i.OLED_WriteData)
    i.PCM_getCoreVoltageLevel                0x0000137c   Section        0  pcm.o(i.PCM_getCoreVoltageLevel)
    i.PCM_getPowerMode                       0x000013c8   Section        0  pcm.o(i.PCM_getPowerMode)
    i.PCM_setCoreVoltageLevel                0x0000140c   Section        0  pcm.o(i.PCM_setCoreVoltageLevel)
    i.PORT1_IRQHandler                       0x00001414   Section        0  isr.o(i.PORT1_IRQHandler)
    i.SysCtl_disableNMISource                0x00001440   Section        0  sysctl.o(i.SysCtl_disableNMISource)
    i.SysCtl_enableNMISource                 0x00001450   Section        0  sysctl.o(i.SysCtl_enableNMISource)
    i.SysCtl_getNMISourceStatus              0x00001460   Section        0  sysctl.o(i.SysCtl_getNMISourceStatus)
    i.SysCtl_getTLVInfo                      0x0000146c   Section        0  sysctl.o(i.SysCtl_getTLVInfo)
    i.SysInit                                0x000014bc   Section        0  sys.o(i.SysInit)
    i.SystemInit                             0x00001544   Section        0  system_msp432p401r.o(i.SystemInit)
    i.TA0_0_IRQHandler                       0x000015f8   Section        0  isr.o(i.TA0_0_IRQHandler)
    i.Timer_A_clearCaptureCompareInterrupt   0x00001612   Section        0  timer_a.o(i.Timer_A_clearCaptureCompareInterrupt)
    i.Timer_A_clearTimer                     0x0000162e   Section        0  timer_a.o(i.Timer_A_clearTimer)
    i.UART_clearInterruptFlag                0x0000163a   Section        0  uart.o(i.UART_clearInterruptFlag)
    i.UART_enableInterrupt                   0x00001644   Section        0  uart.o(i.UART_enableInterrupt)
    i.UART_enableModule                      0x0000165a   Section        0  uart.o(i.UART_enableModule)
    i.UART_getEnabledInterruptStatus         0x00001666   Section        0  uart.o(i.UART_getEnabledInterruptStatus)
    i.UART_initModule                        0x00001688   Section        0  uart.o(i.UART_initModule)
    i.UART_receiveData                       0x00001710   Section        0  uart.o(i.UART_receiveData)
    i.UART_transmitData                      0x0000172a   Section        0  uart.o(i.UART_transmitData)
    i.WDT_A_holdTimer                        0x00001744   Section        0  wdt_a.o(i.WDT_A_holdTimer)
    i._CSComputeCLKFrequency                 0x0000175c   Section        0  cs.o(i._CSComputeCLKFrequency)
    _CSComputeCLKFrequency                   0x0000175d   Thumb Code   236  cs.o(i._CSComputeCLKFrequency)
    i.__0printf                              0x00001868   Section        0  printfa.o(i.__0printf)
    i.__PCM_setCoreVoltageLevelAdvanced      0x00001888   Section        0  pcm.o(i.__PCM_setCoreVoltageLevelAdvanced)
    __PCM_setCoreVoltageLevelAdvanced        0x00001889   Thumb Code   242  pcm.o(i.__PCM_setCoreVoltageLevelAdvanced)
    i.__PCM_setPowerModeAdvanced             0x00001988   Section        0  pcm.o(i.__PCM_setPowerModeAdvanced)
    __PCM_setPowerModeAdvanced               0x00001989   Thumb Code   200  pcm.o(i.__PCM_setPowerModeAdvanced)
    i.__scatterload_copy                     0x00001a6c   Section       14  handlers.o(i.__scatterload_copy)
    i.__scatterload_null                     0x00001a7a   Section        2  handlers.o(i.__scatterload_null)
    i.__scatterload_zeroinit                 0x00001a7c   Section       14  handlers.o(i.__scatterload_zeroinit)
    i._fp_digits                             0x00001a8c   Section        0  printfa.o(i._fp_digits)
    _fp_digits                               0x00001a8d   Thumb Code   366  printfa.o(i._fp_digits)
    i._printf_core                           0x00001c10   Section        0  printfa.o(i._printf_core)
    _printf_core                             0x00001c11   Thumb Code  1744  printfa.o(i._printf_core)
    i._printf_post_padding                   0x000022ec   Section        0  printfa.o(i._printf_post_padding)
    _printf_post_padding                     0x000022ed   Thumb Code    36  printfa.o(i._printf_post_padding)
    i._printf_pre_padding                    0x00002310   Section        0  printfa.o(i._printf_pre_padding)
    _printf_pre_padding                      0x00002311   Thumb Code    46  printfa.o(i._printf_pre_padding)
    i.delay_init                             0x00002340   Section        0  delay.o(i.delay_init)
    i.delay_ms                               0x00002388   Section        0  delay.o(i.delay_ms)
    i.fputc                                  0x000023c4   Section        0  myuart.o(i.fputc)
    i.key_Init                               0x000023dc   Section        0  key.o(i.key_Init)
    i.led_Init                               0x00002404   Section        0  led.o(i.led_Init)
    i.led_toggle                             0x00002448   Section        0  led.o(i.led_toggle)
    i.main                                   0x000024ac   Section        0  main.o(i.main)
    i.uart_init                              0x00002548   Section        0  myuart.o(i.uart_init)
    .constdata                               0x00002628   Section       36  myuart.o(.constdata)
    .constdata                               0x0000264c   Section      144  interrupt.o(.constdata)
    g_pulEnRegs                              0x0000264c   Data           8  interrupt.o(.constdata)
    g_pulDisRegs                             0x00002654   Data           8  interrupt.o(.constdata)
    g_pulPendRegs                            0x0000265c   Data           8  interrupt.o(.constdata)
    g_pulUnpendRegs                          0x00002664   Data           8  interrupt.o(.constdata)
    g_pulPriority                            0x0000266c   Data          32  interrupt.o(.constdata)
    g_pulRegs                                0x0000268c   Data          80  interrupt.o(.constdata)
    .data                                    0x20000000   Section        4  delay.o(.data)
    fac_us                                   0x20000000   Data           1  delay.o(.data)
    fac_ms                                   0x20000002   Data           2  delay.o(.data)
    .data                                    0x20000004   Section        8  cs.o(.data)
    hfxtFreq                                 0x20000004   Data           4  cs.o(.data)
    lfxtFreq                                 0x20000008   Data           4  cs.o(.data)
    .data                                    0x2000000c   Section       48  gpio.o(.data)
    GPIO_PORT_TO_BASE                        0x2000000c   Data          48  gpio.o(.data)
    .data                                    0x2000003c   Section        4  stdout.o(.data)
    STACK                                    0x20000040   Section      512  startup_msp432p401r_uvision.o(STACK)

    Global Symbols

    Symbol Name                              Value     Ov Type        Size  Object(Section)

    BuildAttributes$$THM_ISAv4$E$P$D$K$B$S$7EM$VFPi3$EXTD16$VFPS$VFMA$PE$A:L22UL41UL21$X:L11$S22US41US21$IEEE1$IW$USESV6$~STKCKD$USESV7$~SHL$OTIME$ROPI$EBA8$MICROLIB$REQ8$PRES8$EABIv2 0x00000000   Number         0  anon$$obj.o ABSOLUTE
    __ARM_use_no_argv                        0x00000000   Number         0  main.o ABSOLUTE
    __Vectors                                0x00000000   Data           4  startup_msp432p401r_uvision.o(RESET)
    _printf_a                                0x00000000   Number         0  stubs.o ABSOLUTE
    _printf_c                                0x00000000   Number         0  stubs.o ABSOLUTE
    _printf_charcount                        0x00000000   Number         0  stubs.o ABSOLUTE
    _printf_d                                0x00000000   Number         0  stubs.o ABSOLUTE
    _printf_e                                0x00000000   Number         0  stubs.o ABSOLUTE
    _printf_f                                0x00000000   Number         0  stubs.o ABSOLUTE
    _printf_flags                            0x00000000   Number         0  stubs.o ABSOLUTE
    _printf_fp_dec                           0x00000000   Number         0  stubs.o ABSOLUTE
    _printf_fp_hex                           0x00000000   Number         0  stubs.o ABSOLUTE
    _printf_g                                0x00000000   Number         0  stubs.o ABSOLUTE
    _printf_i                                0x00000000   Number         0  stubs.o ABSOLUTE
    _printf_int_dec                          0x00000000   Number         0  stubs.o ABSOLUTE
    _printf_l                                0x00000000   Number         0  stubs.o ABSOLUTE
    _printf_lc                               0x00000000   Number         0  stubs.o ABSOLUTE
    _printf_ll                               0x00000000   Number         0  stubs.o ABSOLUTE
    _printf_lld                              0x00000000   Number         0  stubs.o ABSOLUTE
    _printf_lli                              0x00000000   Number         0  stubs.o ABSOLUTE
    _printf_llo                              0x00000000   Number         0  stubs.o ABSOLUTE
    _printf_llu                              0x00000000   Number         0  stubs.o ABSOLUTE
    _printf_llx                              0x00000000   Number         0  stubs.o ABSOLUTE
    _printf_longlong_dec                     0x00000000   Number         0  stubs.o ABSOLUTE
    _printf_longlong_hex                     0x00000000   Number         0  stubs.o ABSOLUTE
    _printf_longlong_oct                     0x00000000   Number         0  stubs.o ABSOLUTE
    _printf_ls                               0x00000000   Number         0  stubs.o ABSOLUTE
    _printf_mbtowc                           0x00000000   Number         0  stubs.o ABSOLUTE
    _printf_n                                0x00000000   Number         0  stubs.o ABSOLUTE
    _printf_o                                0x00000000   Number         0  stubs.o ABSOLUTE
    _printf_p                                0x00000000   Number         0  stubs.o ABSOLUTE
    _printf_percent                          0x00000000   Number         0  stubs.o ABSOLUTE
    _printf_pre_padding                      0x00000000   Number         0  stubs.o ABSOLUTE
    _printf_return_value                     0x00000000   Number         0  stubs.o ABSOLUTE
    _printf_s                                0x00000000   Number         0  stubs.o ABSOLUTE
    _printf_sizespec                         0x00000000   Number         0  stubs.o ABSOLUTE
    _printf_str                              0x00000000   Number         0  stubs.o ABSOLUTE
    _printf_truncate_signed                  0x00000000   Number         0  stubs.o ABSOLUTE
    _printf_truncate_unsigned                0x00000000   Number         0  stubs.o ABSOLUTE
    _printf_u                                0x00000000   Number         0  stubs.o ABSOLUTE
    _printf_wc                               0x00000000   Number         0  stubs.o ABSOLUTE
    _printf_wctomb                           0x00000000   Number         0  stubs.o ABSOLUTE
    _printf_widthprec                        0x00000000   Number         0  stubs.o ABSOLUTE
    _printf_x                                0x00000000   Number         0  stubs.o ABSOLUTE
    __cpp_initialize__aeabi_                  - Undefined Weak Reference
    __cxa_finalize                            - Undefined Weak Reference
    __decompress                              - Undefined Weak Reference
    _clock_init                               - Undefined Weak Reference
    _microlib_exit                            - Undefined Weak Reference
    __Vectors_End                            0x00000144   Data           0  startup_msp432p401r_uvision.o(RESET)
    __Vectors_Size                           0x00000144   Number         0  startup_msp432p401r_uvision.o ABSOLUTE
    __main                                   0x00000145   Thumb Code     0  entry.o(.ARM.Collect$$$$00000000)
    _main_stk                                0x00000145   Thumb Code     0  entry2.o(.ARM.Collect$$$$00000001)
    _main_scatterload                        0x00000149   Thumb Code     0  entry5.o(.ARM.Collect$$$$00000004)
    __main_after_scatterload                 0x0000014d   Thumb Code     0  entry5.o(.ARM.Collect$$$$00000004)
    _main_clock                              0x0000014d   Thumb Code     0  entry7b.o(.ARM.Collect$$$$00000008)
    _main_cpp_init                           0x0000014d   Thumb Code     0  entry8b.o(.ARM.Collect$$$$0000000A)
    _main_init                               0x0000014d   Thumb Code     0  entry9a.o(.ARM.Collect$$$$0000000B)
    __rt_final_cpp                           0x00000155   Thumb Code     0  entry10a.o(.ARM.Collect$$$$0000000D)
    __rt_final_exit                          0x00000155   Thumb Code     0  entry11a.o(.ARM.Collect$$$$0000000F)
    CPU_cpsid                                0x00000159   Thumb Code     8  cpu.o(.emb_text)
    CPU_primask                              0x00000161   Thumb Code     6  cpu.o(.emb_text)
    CPU_cpsie                                0x00000167   Thumb Code     8  cpu.o(.emb_text)
    CPU_wfi                                  0x0000016f   Thumb Code     4  cpu.o(.emb_text)
    CPU_basepriSet                           0x00000173   Thumb Code     6  cpu.o(.emb_text)
    CPU_basepriGet                           0x00000179   Thumb Code     6  cpu.o(.emb_text)
    Reset_Handler                            0x00000181   Thumb Code     8  startup_msp432p401r_uvision.o(.text)
    NMI_Handler                              0x00000189   Thumb Code     2  startup_msp432p401r_uvision.o(.text)
    HardFault_Handler                        0x0000018b   Thumb Code     2  startup_msp432p401r_uvision.o(.text)
    MemManage_Handler                        0x0000018d   Thumb Code     2  startup_msp432p401r_uvision.o(.text)
    BusFault_Handler                         0x0000018f   Thumb Code     2  startup_msp432p401r_uvision.o(.text)
    UsageFault_Handler                       0x00000191   Thumb Code     2  startup_msp432p401r_uvision.o(.text)
    SVC_Handler                              0x00000193   Thumb Code     2  startup_msp432p401r_uvision.o(.text)
    DebugMon_Handler                         0x00000195   Thumb Code     2  startup_msp432p401r_uvision.o(.text)
    PendSV_Handler                           0x00000197   Thumb Code     2  startup_msp432p401r_uvision.o(.text)
    SysTick_Handler                          0x00000199   Thumb Code     2  startup_msp432p401r_uvision.o(.text)
    ADC14_IRQHandler                         0x0000019b   Thumb Code     0  startup_msp432p401r_uvision.o(.text)
    AES256_IRQHandler                        0x0000019b   Thumb Code     0  startup_msp432p401r_uvision.o(.text)
    COMP_E0_IRQHandler                       0x0000019b   Thumb Code     0  startup_msp432p401r_uvision.o(.text)
    COMP_E1_IRQHandler                       0x0000019b   Thumb Code     0  startup_msp432p401r_uvision.o(.text)
    CS_IRQHandler                            0x0000019b   Thumb Code     0  startup_msp432p401r_uvision.o(.text)
    DMA_ERR_IRQHandler                       0x0000019b   Thumb Code     0  startup_msp432p401r_uvision.o(.text)
    DMA_INT0_IRQHandler                      0x0000019b   Thumb Code     0  startup_msp432p401r_uvision.o(.text)
    DMA_INT1_IRQHandler                      0x0000019b   Thumb Code     0  startup_msp432p401r_uvision.o(.text)
    DMA_INT2_IRQHandler                      0x0000019b   Thumb Code     0  startup_msp432p401r_uvision.o(.text)
    DMA_INT3_IRQHandler                      0x0000019b   Thumb Code     0  startup_msp432p401r_uvision.o(.text)
    EUSCIA1_IRQHandler                       0x0000019b   Thumb Code     0  startup_msp432p401r_uvision.o(.text)
    EUSCIA2_IRQHandler                       0x0000019b   Thumb Code     0  startup_msp432p401r_uvision.o(.text)
    EUSCIA3_IRQHandler                       0x0000019b   Thumb Code     0  startup_msp432p401r_uvision.o(.text)
    EUSCIB0_IRQHandler                       0x0000019b   Thumb Code     0  startup_msp432p401r_uvision.o(.text)
    EUSCIB1_IRQHandler                       0x0000019b   Thumb Code     0  startup_msp432p401r_uvision.o(.text)
    EUSCIB2_IRQHandler                       0x0000019b   Thumb Code     0  startup_msp432p401r_uvision.o(.text)
    EUSCIB3_IRQHandler                       0x0000019b   Thumb Code     0  startup_msp432p401r_uvision.o(.text)
    FLCTL_IRQHandler                         0x0000019b   Thumb Code     0  startup_msp432p401r_uvision.o(.text)
    FPU_IRQHandler                           0x0000019b   Thumb Code     0  startup_msp432p401r_uvision.o(.text)
    PCM_IRQHandler                           0x0000019b   Thumb Code     0  startup_msp432p401r_uvision.o(.text)
    PORT2_IRQHandler                         0x0000019b   Thumb Code     0  startup_msp432p401r_uvision.o(.text)
    PORT3_IRQHandler                         0x0000019b   Thumb Code     0  startup_msp432p401r_uvision.o(.text)
    PORT4_IRQHandler                         0x0000019b   Thumb Code     0  startup_msp432p401r_uvision.o(.text)
    PORT5_IRQHandler                         0x0000019b   Thumb Code     0  startup_msp432p401r_uvision.o(.text)
    PORT6_IRQHandler                         0x0000019b   Thumb Code     0  startup_msp432p401r_uvision.o(.text)
    PSS_IRQHandler                           0x0000019b   Thumb Code     0  startup_msp432p401r_uvision.o(.text)
    RTC_C_IRQHandler                         0x0000019b   Thumb Code     0  startup_msp432p401r_uvision.o(.text)
    T32_INT1_IRQHandler                      0x0000019b   Thumb Code     0  startup_msp432p401r_uvision.o(.text)
    T32_INT2_IRQHandler                      0x0000019b   Thumb Code     0  startup_msp432p401r_uvision.o(.text)
    T32_INTC_IRQHandler                      0x0000019b   Thumb Code     0  startup_msp432p401r_uvision.o(.text)
    TA0_N_IRQHandler                         0x0000019b   Thumb Code     0  startup_msp432p401r_uvision.o(.text)
    TA1_0_IRQHandler                         0x0000019b   Thumb Code     0  startup_msp432p401r_uvision.o(.text)
    TA1_N_IRQHandler                         0x0000019b   Thumb Code     0  startup_msp432p401r_uvision.o(.text)
    TA2_0_IRQHandler                         0x0000019b   Thumb Code     0  startup_msp432p401r_uvision.o(.text)
    TA2_N_IRQHandler                         0x0000019b   Thumb Code     0  startup_msp432p401r_uvision.o(.text)
    TA3_0_IRQHandler                         0x0000019b   Thumb Code     0  startup_msp432p401r_uvision.o(.text)
    TA3_N_IRQHandler                         0x0000019b   Thumb Code     0  startup_msp432p401r_uvision.o(.text)
    WDT_A_IRQHandler                         0x0000019b   Thumb Code     0  startup_msp432p401r_uvision.o(.text)
    __aeabi_memcpy                           0x000001a5   Thumb Code    36  memcpya.o(.text)
    __aeabi_memcpy4                          0x000001a5   Thumb Code     0  memcpya.o(.text)
    __aeabi_memcpy8                          0x000001a5   Thumb Code     0  memcpya.o(.text)
    __aeabi_memset                           0x000001c9   Thumb Code    14  memseta.o(.text)
    __aeabi_memset4                          0x000001c9   Thumb Code     0  memseta.o(.text)
    __aeabi_memset8                          0x000001c9   Thumb Code     0  memseta.o(.text)
    __aeabi_memclr                           0x000001d7   Thumb Code     4  memseta.o(.text)
    __aeabi_memclr4                          0x000001d7   Thumb Code     0  memseta.o(.text)
    __aeabi_memclr8                          0x000001d7   Thumb Code     0  memseta.o(.text)
    _memset$wrapper                          0x000001db   Thumb Code    18  memseta.o(.text)
    __aeabi_uidiv                            0x000001ed   Thumb Code     0  uidiv.o(.text)
    __aeabi_uidivmod                         0x000001ed   Thumb Code    44  uidiv.o(.text)
    __aeabi_uldivmod                         0x00000219   Thumb Code    98  uldiv.o(.text)
    __I$use$fp                               0x0000027b   Thumb Code     0  iusefp.o(.text)
    __aeabi_dadd                             0x0000027b   Thumb Code   322  dadd.o(.text)
    __aeabi_dsub                             0x000003bd   Thumb Code     6  dadd.o(.text)
    __aeabi_drsub                            0x000003c3   Thumb Code     6  dadd.o(.text)
    __aeabi_dmul                             0x000003c9   Thumb Code   228  dmul.o(.text)
    __aeabi_ddiv                             0x000004ad   Thumb Code   222  ddiv.o(.text)
    __aeabi_d2ulz                            0x0000058b   Thumb Code    48  dfixul.o(.text)
    __aeabi_cdrcmple                         0x000005bd   Thumb Code    48  cdrcmple.o(.text)
    __scatterload                            0x000005ed   Thumb Code    28  init.o(.text)
    __scatterload_rt2                        0x000005ed   Thumb Code     0  init.o(.text)
    __aeabi_llsl                             0x00000611   Thumb Code    30  llshl.o(.text)
    _ll_shift_l                              0x00000611   Thumb Code     0  llshl.o(.text)
    __aeabi_llsr                             0x0000062f   Thumb Code    32  llushr.o(.text)
    _ll_ushift_r                             0x0000062f   Thumb Code     0  llushr.o(.text)
    __aeabi_lasr                             0x0000064f   Thumb Code    36  llsshr.o(.text)
    _ll_sshift_r                             0x0000064f   Thumb Code     0  llsshr.o(.text)
    _double_round                            0x00000673   Thumb Code    30  depilogue.o(.text)
    _double_epilogue                         0x00000691   Thumb Code   156  depilogue.o(.text)
    CS_getACLK                               0x0000072d   Thumb Code    20  cs.o(i.CS_getACLK)
    CS_getBCLK                               0x00000745   Thumb Code    24  cs.o(i.CS_getBCLK)
    CS_getDCOFrequency                       0x00000761   Thumb Code   332  cs.o(i.CS_getDCOFrequency)
    CS_getHSMCLK                             0x000008d1   Thumb Code    20  cs.o(i.CS_getHSMCLK)
    CS_getMCLK                               0x000008e9   Thumb Code    20  cs.o(i.CS_getMCLK)
    CS_getSMCLK                              0x00000901   Thumb Code    18  cs.o(i.CS_getSMCLK)
    CS_initClockSignal                       0x00000919   Thumb Code   222  cs.o(i.CS_initClockSignal)
    CS_setExternalClockSourceFrequency       0x00000a15   Thumb Code     8  cs.o(i.CS_setExternalClockSourceFrequency)
    CS_startHFXT                             0x00000a21   Thumb Code     6  cs.o(i.CS_startHFXT)
    CS_startHFXTWithTimeout                  0x00000a29   Thumb Code   262  cs.o(i.CS_startHFXTWithTimeout)
    CS_startLFXT                             0x00000b6d   Thumb Code     6  cs.o(i.CS_startLFXT)
    CS_startLFXTWithTimeout                  0x00000b75   Thumb Code   158  cs.o(i.CS_startLFXTWithTimeout)
    Clock_get                                0x00000c29   Thumb Code    36  sys.o(i.Clock_get)
    EUSCIA0_IRQHandler                       0x00000c4d   Thumb Code    54  isr.o(i.EUSCIA0_IRQHandler)
    EXTI_Init                                0x00000c89   Thumb Code   130  exti.o(i.EXTI_Init)
    FlashCtl_setWaitState                    0x00000d0d   Thumb Code    38  flash.o(i.FlashCtl_setWaitState)
    GPIO_WriteBit                            0x00000d39   Thumb Code    32  mygpio.o(i.GPIO_WriteBit)
    GPIO_clearInterruptFlag                  0x00000d59   Thumb Code    16  gpio.o(i.GPIO_clearInterruptFlag)
    GPIO_enableInterrupt                     0x00000d6d   Thumb Code    14  gpio.o(i.GPIO_enableInterrupt)
    GPIO_getEnabledInterruptStatus           0x00000d81   Thumb Code    48  gpio.o(i.GPIO_getEnabledInterruptStatus)
    GPIO_interruptEdgeSelect                 0x00000db5   Thumb Code    22  gpio.o(i.GPIO_interruptEdgeSelect)
    GPIO_setAsInputPinWithPullUpResistor     0x00000dd1   Thumb Code    38  gpio.o(i.GPIO_setAsInputPinWithPullUpResistor)
    GPIO_setAsOutputPin                      0x00000dfd   Thumb Code    26  gpio.o(i.GPIO_setAsOutputPin)
    GPIO_setAsPeripheralModuleFunctionInputPin 0x00000e1d   Thumb Code    68  gpio.o(i.GPIO_setAsPeripheralModuleFunctionInputPin)
    GPIO_setAsPeripheralModuleFunctionOutputPin 0x00000e65   Thumb Code    68  gpio.o(i.GPIO_setAsPeripheralModuleFunctionOutputPin)
    GPIO_setOutputHighOnPin                  0x00000ead   Thumb Code    14  gpio.o(i.GPIO_setOutputHighOnPin)
    GPIO_setOutputLowOnPin                   0x00000ec1   Thumb Code    16  gpio.o(i.GPIO_setOutputLowOnPin)
    GPIO_toggleOutputOnPin                   0x00000ed5   Thumb Code    14  gpio.o(i.GPIO_toggleOutputOnPin)
    Interrupt_disableSleepOnIsrExit          0x00000ee9   Thumb Code    12  interrupt.o(i.Interrupt_disableSleepOnIsrExit)
    Interrupt_enableInterrupt                0x00000ef9   Thumb Code    92  interrupt.o(i.Interrupt_enableInterrupt)
    Interrupt_enableMaster                   0x00000f5d   Thumb Code    14  interrupt.o(i.Interrupt_enableMaster)
    OLED_Clear                               0x00000f6b   Thumb Code    42  oled.o(i.OLED_Clear)
    OLED_I2C_Init                            0x00000f95   Thumb Code    40  oled.o(i.OLED_I2C_Init)
    OLED_I2C_SendByte                        0x00000fbd   Thumb Code    82  oled.o(i.OLED_I2C_SendByte)
    OLED_I2C_Start                           0x0000100f   Thumb Code    44  oled.o(i.OLED_I2C_Start)
    OLED_I2C_Stop                            0x0000103b   Thumb Code    34  oled.o(i.OLED_I2C_Stop)
    OLED_Init                                0x0000105d   Thumb Code   174  oled.o(i.OLED_Init)
    OLED_SPI_Clear                           0x0000110b   Thumb Code    64  oled_spi.o(i.OLED_SPI_Clear)
    OLED_SPI_Init                            0x0000114b   Thumb Code   308  oled_spi.o(i.OLED_SPI_Init)
    OLED_SetCursor                           0x0000127f   Thumb Code    34  oled.o(i.OLED_SetCursor)
    OLED_Set_Pos                             0x000012a1   Thumb Code    46  oled_spi.o(i.OLED_Set_Pos)
    OLED_WR_Byte                             0x000012cf   Thumb Code   108  oled_spi.o(i.OLED_WR_Byte)
    OLED_WriteCommand                        0x0000133b   Thumb Code    32  oled.o(i.OLED_WriteCommand)
    OLED_WriteData                           0x0000135b   Thumb Code    32  oled.o(i.OLED_WriteData)
    PCM_getCoreVoltageLevel                  0x0000137d   Thumb Code    70  pcm.o(i.PCM_getCoreVoltageLevel)
    PCM_getPowerMode                         0x000013c9   Thumb Code    62  pcm.o(i.PCM_getPowerMode)
    PCM_setCoreVoltageLevel                  0x0000140d   Thumb Code     8  pcm.o(i.PCM_setCoreVoltageLevel)
    PORT1_IRQHandler                         0x00001415   Thumb Code    44  isr.o(i.PORT1_IRQHandler)
    SysCtl_disableNMISource                  0x00001441   Thumb Code    12  sysctl.o(i.SysCtl_disableNMISource)
    SysCtl_enableNMISource                   0x00001451   Thumb Code    10  sysctl.o(i.SysCtl_enableNMISource)
    SysCtl_getNMISourceStatus                0x00001461   Thumb Code     6  sysctl.o(i.SysCtl_getNMISourceStatus)
    SysCtl_getTLVInfo                        0x0000146d   Thumb Code    72  sysctl.o(i.SysCtl_getTLVInfo)
    SysInit                                  0x000014bd   Thumb Code   128  sys.o(i.SysInit)
    SystemInit                               0x00001545   Thumb Code   150  system_msp432p401r.o(i.SystemInit)
    TA0_0_IRQHandler                         0x000015f9   Thumb Code    26  isr.o(i.TA0_0_IRQHandler)
    Timer_A_clearCaptureCompareInterrupt     0x00001613   Thumb Code    28  timer_a.o(i.Timer_A_clearCaptureCompareInterrupt)
    Timer_A_clearTimer                       0x0000162f   Thumb Code    12  timer_a.o(i.Timer_A_clearTimer)
    UART_clearInterruptFlag                  0x0000163b   Thumb Code    10  uart.o(i.UART_clearInterruptFlag)
    UART_enableInterrupt                     0x00001645   Thumb Code    22  uart.o(i.UART_enableInterrupt)
    UART_enableModule                        0x0000165b   Thumb Code    12  uart.o(i.UART_enableModule)
    UART_getEnabledInterruptStatus           0x00001667   Thumb Code    34  uart.o(i.UART_getEnabledInterruptStatus)
    UART_initModule                          0x00001689   Thumb Code   136  uart.o(i.UART_initModule)
    UART_receiveData                         0x00001711   Thumb Code    26  uart.o(i.UART_receiveData)
    UART_transmitData                        0x0000172b   Thumb Code    24  uart.o(i.UART_transmitData)
    WDT_A_holdTimer                          0x00001745   Thumb Code    18  wdt_a.o(i.WDT_A_holdTimer)
    __0printf                                0x00001869   Thumb Code    22  printfa.o(i.__0printf)
    __1printf                                0x00001869   Thumb Code     0  printfa.o(i.__0printf)
    __2printf                                0x00001869   Thumb Code     0  printfa.o(i.__0printf)
    __c89printf                              0x00001869   Thumb Code     0  printfa.o(i.__0printf)
    printf                                   0x00001869   Thumb Code     0  printfa.o(i.__0printf)
    __scatterload_copy                       0x00001a6d   Thumb Code    14  handlers.o(i.__scatterload_copy)
    __scatterload_null                       0x00001a7b   Thumb Code     2  handlers.o(i.__scatterload_null)
    __scatterload_zeroinit                   0x00001a7d   Thumb Code    14  handlers.o(i.__scatterload_zeroinit)
    delay_init                               0x00002341   Thumb Code    58  delay.o(i.delay_init)
    delay_ms                                 0x00002389   Thumb Code    56  delay.o(i.delay_ms)
    fputc                                    0x000023c5   Thumb Code    18  myuart.o(i.fputc)
    key_Init                                 0x000023dd   Thumb Code    40  key.o(i.key_Init)
    led_Init                                 0x00002405   Thumb Code    68  led.o(i.led_Init)
    led_toggle                               0x00002449   Thumb Code    98  led.o(i.led_toggle)
    main                                     0x000024ad   Thumb Code    96  main.o(i.main)
    uart_init                                0x00002549   Thumb Code   202  myuart.o(i.uart_init)
    Region$$Table$$Base                      0x000026dc   Number         0  anon$$obj.o(Region$$Table)
    Region$$Table$$Limit                     0x000026fc   Number         0  anon$$obj.o(Region$$Table)
    __stdout                                 0x2000003c   Data           4  stdout.o(.data)
    __initial_sp                             0x20000240   Data           0  startup_msp432p401r_uvision.o(STACK)



==============================================================================

Memory Map of the image

  Image Entry point : 0x00000145

  Load Region LR_IROM1 (Base: 0x00000000, Size: 0x0000273c, Max: 0x00040000, ABSOLUTE)

    Execution Region ER_IROM1 (Exec base: 0x00000000, Load base: 0x00000000, Size: 0x000026fc, Max: 0x00040000, ABSOLUTE)

    Exec Addr    Load Addr    Size         Type   Attr      Idx    E Section Name        Object

    0x00000000   0x00000000   0x00000144   Data   RO            3    RESET               startup_msp432p401r_uvision.o
    0x00000144   0x00000144   0x00000000   Code   RO         1509  * .ARM.Collect$$$$00000000  mc_w.l(entry.o)
    0x00000144   0x00000144   0x00000004   Code   RO         1783    .ARM.Collect$$$$00000001  mc_w.l(entry2.o)
    0x00000148   0x00000148   0x00000004   Code   RO         1786    .ARM.Collect$$$$00000004  mc_w.l(entry5.o)
    0x0000014c   0x0000014c   0x00000000   Code   RO         1788    .ARM.Collect$$$$00000008  mc_w.l(entry7b.o)
    0x0000014c   0x0000014c   0x00000000   Code   RO         1790    .ARM.Collect$$$$0000000A  mc_w.l(entry8b.o)
    0x0000014c   0x0000014c   0x00000008   Code   RO         1791    .ARM.Collect$$$$0000000B  mc_w.l(entry9a.o)
    0x00000154   0x00000154   0x00000000   Code   RO         1793    .ARM.Collect$$$$0000000D  mc_w.l(entry10a.o)
    0x00000154   0x00000154   0x00000000   Code   RO         1795    .ARM.Collect$$$$0000000F  mc_w.l(entry11a.o)
    0x00000154   0x00000154   0x00000004   Code   RO         1784    .ARM.Collect$$$$00002712  mc_w.l(entry2.o)
    0x00000158   0x00000158   0x00000026   Code   RO         1414    .emb_text           msp432p4xx_driverlib.lib(cpu.o)
    0x0000017e   0x0000017e   0x00000002   PAD
    0x00000180   0x00000180   0x00000024   Code   RO            4    .text               startup_msp432p401r_uvision.o
    0x000001a4   0x000001a4   0x00000024   Code   RO         1512    .text               mc_w.l(memcpya.o)
    0x000001c8   0x000001c8   0x00000024   Code   RO         1514    .text               mc_w.l(memseta.o)
    0x000001ec   0x000001ec   0x0000002c   Code   RO         1798    .text               mc_w.l(uidiv.o)
    0x00000218   0x00000218   0x00000062   Code   RO         1800    .text               mc_w.l(uldiv.o)
    0x0000027a   0x0000027a   0x00000000   Code   RO         1802    .text               mc_w.l(iusefp.o)
    0x0000027a   0x0000027a   0x0000014e   Code   RO         1803    .text               mf_w.l(dadd.o)
    0x000003c8   0x000003c8   0x000000e4   Code   RO         1805    .text               mf_w.l(dmul.o)
    0x000004ac   0x000004ac   0x000000de   Code   RO         1807    .text               mf_w.l(ddiv.o)
    0x0000058a   0x0000058a   0x00000030   Code   RO         1809    .text               mf_w.l(dfixul.o)
    0x000005ba   0x000005ba   0x00000002   PAD
    0x000005bc   0x000005bc   0x00000030   Code   RO         1811    .text               mf_w.l(cdrcmple.o)
    0x000005ec   0x000005ec   0x00000024   Code   RO         1813    .text               mc_w.l(init.o)
    0x00000610   0x00000610   0x0000001e   Code   RO         1815    .text               mc_w.l(llshl.o)
    0x0000062e   0x0000062e   0x00000020   Code   RO         1817    .text               mc_w.l(llushr.o)
    0x0000064e   0x0000064e   0x00000024   Code   RO         1819    .text               mc_w.l(llsshr.o)
    0x00000672   0x00000672   0x000000ba   Code   RO         1821    .text               mf_w.l(depilogue.o)
    0x0000072c   0x0000072c   0x00000018   Code   RO          975    i.CS_getACLK        msp432p4xx_driverlib.lib(cs.o)
    0x00000744   0x00000744   0x0000001c   Code   RO          976    i.CS_getBCLK        msp432p4xx_driverlib.lib(cs.o)
    0x00000760   0x00000760   0x00000170   Code   RO          977    i.CS_getDCOFrequency  msp432p4xx_driverlib.lib(cs.o)
    0x000008d0   0x000008d0   0x00000018   Code   RO          979    i.CS_getHSMCLK      msp432p4xx_driverlib.lib(cs.o)
    0x000008e8   0x000008e8   0x00000018   Code   RO          981    i.CS_getMCLK        msp432p4xx_driverlib.lib(cs.o)
    0x00000900   0x00000900   0x00000018   Code   RO          982    i.CS_getSMCLK       msp432p4xx_driverlib.lib(cs.o)
    0x00000918   0x00000918   0x000000fc   Code   RO          983    i.CS_initClockSignal  msp432p4xx_driverlib.lib(cs.o)
    0x00000a14   0x00000a14   0x0000000c   Code   RO          989    i.CS_setExternalClockSourceFrequency  msp432p4xx_driverlib.lib(cs.o)
    0x00000a20   0x00000a20   0x00000006   Code   RO          992    i.CS_startHFXT      msp432p4xx_driverlib.lib(cs.o)
    0x00000a26   0x00000a26   0x00000002   PAD
    0x00000a28   0x00000a28   0x00000144   Code   RO          993    i.CS_startHFXTWithTimeout  msp432p4xx_driverlib.lib(cs.o)
    0x00000b6c   0x00000b6c   0x00000006   Code   RO          994    i.CS_startLFXT      msp432p4xx_driverlib.lib(cs.o)
    0x00000b72   0x00000b72   0x00000002   PAD
    0x00000b74   0x00000b74   0x000000b4   Code   RO          995    i.CS_startLFXTWithTimeout  msp432p4xx_driverlib.lib(cs.o)
    0x00000c28   0x00000c28   0x00000024   Code   RO          274    i.Clock_get         sys.o
    0x00000c4c   0x00000c4c   0x0000003c   Code   RO          388    i.EUSCIA0_IRQHandler  isr.o
    0x00000c88   0x00000c88   0x00000082   Code   RO          360    i.EXTI_Init         exti.o
    0x00000d0a   0x00000d0a   0x00000002   PAD
    0x00000d0c   0x00000d0c   0x0000002c   Code   RO         1063    i.FlashCtl_setWaitState  msp432p4xx_driverlib.lib(flash.o)
    0x00000d38   0x00000d38   0x00000020   Code   RO          763    i.GPIO_WriteBit     mygpio.o
    0x00000d58   0x00000d58   0x00000014   Code   RO         1118    i.GPIO_clearInterruptFlag  msp432p4xx_driverlib.lib(gpio.o)
    0x00000d6c   0x00000d6c   0x00000014   Code   RO         1120    i.GPIO_enableInterrupt  msp432p4xx_driverlib.lib(gpio.o)
    0x00000d80   0x00000d80   0x00000034   Code   RO         1121    i.GPIO_getEnabledInterruptStatus  msp432p4xx_driverlib.lib(gpio.o)
    0x00000db4   0x00000db4   0x0000001c   Code   RO         1124    i.GPIO_interruptEdgeSelect  msp432p4xx_driverlib.lib(gpio.o)
    0x00000dd0   0x00000dd0   0x0000002c   Code   RO         1128    i.GPIO_setAsInputPinWithPullUpResistor  msp432p4xx_driverlib.lib(gpio.o)
    0x00000dfc   0x00000dfc   0x00000020   Code   RO         1129    i.GPIO_setAsOutputPin  msp432p4xx_driverlib.lib(gpio.o)
    0x00000e1c   0x00000e1c   0x00000048   Code   RO         1130    i.GPIO_setAsPeripheralModuleFunctionInputPin  msp432p4xx_driverlib.lib(gpio.o)
    0x00000e64   0x00000e64   0x00000048   Code   RO         1131    i.GPIO_setAsPeripheralModuleFunctionOutputPin  msp432p4xx_driverlib.lib(gpio.o)
    0x00000eac   0x00000eac   0x00000014   Code   RO         1134    i.GPIO_setOutputHighOnPin  msp432p4xx_driverlib.lib(gpio.o)
    0x00000ec0   0x00000ec0   0x00000014   Code   RO         1135    i.GPIO_setOutputLowOnPin  msp432p4xx_driverlib.lib(gpio.o)
    0x00000ed4   0x00000ed4   0x00000014   Code   RO         1136    i.GPIO_toggleOutputOnPin  msp432p4xx_driverlib.lib(gpio.o)
    0x00000ee8   0x00000ee8   0x00000010   Code   RO         1169    i.Interrupt_disableSleepOnIsrExit  msp432p4xx_driverlib.lib(interrupt.o)
    0x00000ef8   0x00000ef8   0x00000064   Code   RO         1170    i.Interrupt_enableInterrupt  msp432p4xx_driverlib.lib(interrupt.o)
    0x00000f5c   0x00000f5c   0x0000000e   Code   RO         1171    i.Interrupt_enableMaster  msp432p4xx_driverlib.lib(interrupt.o)
    0x00000f6a   0x00000f6a   0x0000002a   Code   RO          621    i.OLED_Clear        oled.o
    0x00000f94   0x00000f94   0x00000028   Code   RO          622    i.OLED_I2C_Init     oled.o
    0x00000fbc   0x00000fbc   0x00000052   Code   RO          623    i.OLED_I2C_SendByte  oled.o
    0x0000100e   0x0000100e   0x0000002c   Code   RO          624    i.OLED_I2C_Start    oled.o
    0x0000103a   0x0000103a   0x00000022   Code   RO          625    i.OLED_I2C_Stop     oled.o
    0x0000105c   0x0000105c   0x000000ae   Code   RO          626    i.OLED_Init         oled.o
    0x0000110a   0x0000110a   0x00000040   Code   RO          793    i.OLED_SPI_Clear    oled_spi.o
    0x0000114a   0x0000114a   0x00000134   Code   RO          795    i.OLED_SPI_Init     oled_spi.o
    0x0000127e   0x0000127e   0x00000022   Code   RO          628    i.OLED_SetCursor    oled.o
    0x000012a0   0x000012a0   0x0000002e   Code   RO          800    i.OLED_Set_Pos      oled_spi.o
    0x000012ce   0x000012ce   0x0000006c   Code   RO          801    i.OLED_WR_Byte      oled_spi.o
    0x0000133a   0x0000133a   0x00000020   Code   RO          638    i.OLED_WriteCommand  oled.o
    0x0000135a   0x0000135a   0x00000020   Code   RO          639    i.OLED_WriteData    oled.o
    0x0000137a   0x0000137a   0x00000002   PAD
    0x0000137c   0x0000137c   0x0000004c   Code   RO         1219    i.PCM_getCoreVoltageLevel  msp432p4xx_driverlib.lib(pcm.o)
    0x000013c8   0x000013c8   0x00000044   Code   RO         1222    i.PCM_getPowerMode  msp432p4xx_driverlib.lib(pcm.o)
    0x0000140c   0x0000140c   0x00000008   Code   RO         1231    i.PCM_setCoreVoltageLevel  msp432p4xx_driverlib.lib(pcm.o)
    0x00001414   0x00001414   0x0000002c   Code   RO          389    i.PORT1_IRQHandler  isr.o
    0x00001440   0x00001440   0x00000010   Code   RO         1471    i.SysCtl_disableNMISource  msp432p4xx_driverlib.lib(sysctl.o)
    0x00001450   0x00001450   0x00000010   Code   RO         1476    i.SysCtl_enableNMISource  msp432p4xx_driverlib.lib(sysctl.o)
    0x00001460   0x00001460   0x0000000c   Code   RO         1481    i.SysCtl_getNMISourceStatus  msp432p4xx_driverlib.lib(sysctl.o)
    0x0000146c   0x0000146c   0x00000050   Code   RO         1483    i.SysCtl_getTLVInfo  msp432p4xx_driverlib.lib(sysctl.o)
    0x000014bc   0x000014bc   0x00000088   Code   RO          277    i.SysInit           sys.o
    0x00001544   0x00001544   0x000000b4   Code   RO           14    i.SystemInit        system_msp432p401r.o
    0x000015f8   0x000015f8   0x0000001a   Code   RO          390    i.TA0_0_IRQHandler  isr.o
    0x00001612   0x00001612   0x0000001c   Code   RO         1282    i.Timer_A_clearCaptureCompareInterrupt  msp432p4xx_driverlib.lib(timer_a.o)
    0x0000162e   0x0000162e   0x0000000c   Code   RO         1284    i.Timer_A_clearTimer  msp432p4xx_driverlib.lib(timer_a.o)
    0x0000163a   0x0000163a   0x0000000a   Code   RO         1344    i.UART_clearInterruptFlag  msp432p4xx_driverlib.lib(uart.o)
    0x00001644   0x00001644   0x00000016   Code   RO         1347    i.UART_enableInterrupt  msp432p4xx_driverlib.lib(uart.o)
    0x0000165a   0x0000165a   0x0000000c   Code   RO         1348    i.UART_enableModule  msp432p4xx_driverlib.lib(uart.o)
    0x00001666   0x00001666   0x00000022   Code   RO         1349    i.UART_getEnabledInterruptStatus  msp432p4xx_driverlib.lib(uart.o)
    0x00001688   0x00001688   0x00000088   Code   RO         1353    i.UART_initModule   msp432p4xx_driverlib.lib(uart.o)
    0x00001710   0x00001710   0x0000001a   Code   RO         1355    i.UART_receiveData  msp432p4xx_driverlib.lib(uart.o)
    0x0000172a   0x0000172a   0x00000018   Code   RO         1362    i.UART_transmitData  msp432p4xx_driverlib.lib(uart.o)
    0x00001742   0x00001742   0x00000002   PAD
    0x00001744   0x00001744   0x00000018   Code   RO         1391    i.WDT_A_holdTimer   msp432p4xx_driverlib.lib(wdt_a.o)
    0x0000175c   0x0000175c   0x0000010c   Code   RO          998    i._CSComputeCLKFrequency  msp432p4xx_driverlib.lib(cs.o)
    0x00001868   0x00001868   0x00000020   Code   RO         1753    i.__0printf         mc_w.l(printfa.o)
    0x00001888   0x00001888   0x00000100   Code   RO         1242    i.__PCM_setCoreVoltageLevelAdvanced  msp432p4xx_driverlib.lib(pcm.o)
    0x00001988   0x00001988   0x000000e4   Code   RO         1243    i.__PCM_setPowerModeAdvanced  msp432p4xx_driverlib.lib(pcm.o)
    0x00001a6c   0x00001a6c   0x0000000e   Code   RO         1825    i.__scatterload_copy  mc_w.l(handlers.o)
    0x00001a7a   0x00001a7a   0x00000002   Code   RO         1826    i.__scatterload_null  mc_w.l(handlers.o)
    0x00001a7c   0x00001a7c   0x0000000e   Code   RO         1827    i.__scatterload_zeroinit  mc_w.l(handlers.o)
    0x00001a8a   0x00001a8a   0x00000002   PAD
    0x00001a8c   0x00001a8c   0x00000184   Code   RO         1760    i._fp_digits        mc_w.l(printfa.o)
    0x00001c10   0x00001c10   0x000006dc   Code   RO         1761    i._printf_core      mc_w.l(printfa.o)
    0x000022ec   0x000022ec   0x00000024   Code   RO         1762    i._printf_post_padding  mc_w.l(printfa.o)
    0x00002310   0x00002310   0x0000002e   Code   RO         1763    i._printf_pre_padding  mc_w.l(printfa.o)
    0x0000233e   0x0000233e   0x00000002   PAD
    0x00002340   0x00002340   0x00000048   Code   RO           78    i.delay_init        delay.o
    0x00002388   0x00002388   0x0000003c   Code   RO           79    i.delay_ms          delay.o
    0x000023c4   0x000023c4   0x00000018   Code   RO          503    i.fputc             myuart.o
    0x000023dc   0x000023dc   0x00000028   Code   RO          428    i.key_Init          key.o
    0x00002404   0x00002404   0x00000044   Code   RO          320    i.led_Init          led.o
    0x00002448   0x00002448   0x00000062   Code   RO          322    i.led_toggle        led.o
    0x000024aa   0x000024aa   0x00000002   PAD
    0x000024ac   0x000024ac   0x0000009c   Code   RO          935    i.main              main.o
    0x00002548   0x00002548   0x000000e0   Code   RO          504    i.uart_init         myuart.o
    0x00002628   0x00002628   0x00000024   Data   RO          505    .constdata          myuart.o
    0x0000264c   0x0000264c   0x00000090   Data   RO         1186    .constdata          msp432p4xx_driverlib.lib(interrupt.o)
    0x000026dc   0x000026dc   0x00000020   Data   RO         1823    Region$$Table       anon$$obj.o


    Execution Region RW_IRAM1 (Exec base: 0x20000000, Load base: 0x000026fc, Size: 0x00000240, Max: 0x00010000, ABSOLUTE)

    Exec Addr    Load Addr    Size         Type   Attr      Idx    E Section Name        Object

    0x20000000   0x000026fc   0x00000004   Data   RW           81    .data               delay.o
    0x20000004   0x00002700   0x00000008   Data   RW          999    .data               msp432p4xx_driverlib.lib(cs.o)
    0x2000000c   0x00002708   0x00000030   Data   RW         1139    .data               msp432p4xx_driverlib.lib(gpio.o)
    0x2000003c   0x00002738   0x00000004   Data   RW         1797    .data               mc_w.l(stdout.o)
    0x20000040        -       0x00000200   Zero   RW            1    STACK               startup_msp432p401r_uvision.o



  Load Region LR_IROM2 (Base: 0x00200000, Size: 0x00000000, Max: 0x00004000, ABSOLUTE)

    Execution Region ER_IROM2 (Exec base: 0x00200000, Load base: 0x00200000, Size: 0x00000000, Max: 0x00004000, ABSOLUTE)

    **** No section assigned to this execution region ****


==============================================================================

Image component sizes


      Code (inc. data)   RO Data    RW Data    ZI Data      Debug   Object Name

       132         18          0          4          0       6228   delay.o
       130          8          0          0          0        696   exti.o
       130          6          0          0          0       1607   isr.o
        40          0          0          0          0        471   key.o
       166          0          0          0          0       1048   led.o
       156         60          0          0          0        583   main.o
        32          0          0          0          0        652   mygpio.o
       248         28         36          0          0       2872   myuart.o
       514          0          0          0          0       4848   oled.o
       526          0          0          0          0       2447   oled_spi.o
        36          8        324          0        512        892   startup_msp432p401r_uvision.o
       172          8          0          0          0       1426   sys.o
       180         30          0          0          0       5065   system_msp432p401r.o

    ----------------------------------------------------------------------
      2468        166        392          4        512      28835   Object Totals
         0          0         32          0          0          0   (incl. Generated)
         6          0          0          0          0          0   (incl. Padding)

    ----------------------------------------------------------------------

      Code (inc. data)   RO Data    RW Data    ZI Data      Debug   Library Member Name

         0          0          0          0          0          0   entry.o
         0          0          0          0          0          0   entry10a.o
         0          0          0          0          0          0   entry11a.o
         8          4          0          0          0          0   entry2.o
         4          0          0          0          0          0   entry5.o
         0          0          0          0          0          0   entry7b.o
         0          0          0          0          0          0   entry8b.o
         8          4          0          0          0          0   entry9a.o
        30          0          0          0          0          0   handlers.o
        36          8          0          0          0         68   init.o
         0          0          0          0          0          0   iusefp.o
        30          0          0          0          0         68   llshl.o
        36          0          0          0          0         68   llsshr.o
        32          0          0          0          0         68   llushr.o
        36          0          0          0          0         68   memcpya.o
        36          0          0          0          0        108   memseta.o
      2258         90          0          0          0        452   printfa.o
         0          0          0          4          0          0   stdout.o
        44          0          0          0          0         80   uidiv.o
        98          0          0          0          0         92   uldiv.o
        48          0          0          0          0         68   cdrcmple.o
       334          0          0          0          0        148   dadd.o
       222          0          0          0          0        100   ddiv.o
       186          0          0          0          0        176   depilogue.o
        48          0          0          0          0         68   dfixul.o
       228          0          0          0          0         96   dmul.o
        38          0          0          0          0        196   cpu.o
      1540        222          0          8          0       1620   cs.o
        44          6          0          0          0        116   flash.o
       400         68          0         48          0       1276   gpio.o
       130         12        144          0          0        356   interrupt.o
       636        114          0          0          0        636   pcm.o
       124         24          0          0          0        476   sysctl.o
        40          0          0          0          0        232   timer_a.o
       264          0          0          0          0        828   uart.o
        24          6          0          0          0        116   wdt_a.o

    ----------------------------------------------------------------------
      6976        558        144         60          0       7580   Library Totals
        14          0          0          0          0          0   (incl. Padding)

    ----------------------------------------------------------------------

      Code (inc. data)   RO Data    RW Data    ZI Data      Debug   Library Name

      2656        106          0          4          0       1072   mc_w.l
      1066          0          0          0          0        656   mf_w.l
      3240        452        144         56          0       5852   msp432p4xx_driverlib.lib

    ----------------------------------------------------------------------
      6976        558        144         60          0       7580   Library Totals

    ----------------------------------------------------------------------

==============================================================================


      Code (inc. data)   RO Data    RW Data    ZI Data      Debug   

      9444        724        536         64        512      28735   Grand Totals
      9444        724        536         64        512      28735   ELF Image Totals
      9444        724        536         64          0          0   ROM Totals

==============================================================================

    Total RO  Size (Code + RO Data)                 9980 (   9.75kB)
    Total RW  Size (RW Data + ZI Data)               576 (   0.56kB)
    Total ROM Size (Code + RO Data + RW Data)      10044 (   9.81kB)

==============================================================================

